Component: ARM Compiler 5.06 update 7 (build 960) Tool: armlink [4d3601]

==============================================================================

Section Cross References

    startup_stm32g431xx.o(RESET) refers to startup_stm32g431xx.o(STACK) for __initial_sp
    startup_stm32g431xx.o(RESET) refers to startup_stm32g431xx.o(.text) for Reset_Handler
    startup_stm32g431xx.o(RESET) refers to stm32g4xx_it.o(i.NMI_Handler) for NMI_Handler
    startup_stm32g431xx.o(RESET) refers to stm32g4xx_it.o(i.HardFault_Handler) for HardFault_Handler
    startup_stm32g431xx.o(RESET) refers to stm32g4xx_it.o(i.MemManage_Handler) for MemManage_Handler
    startup_stm32g431xx.o(RESET) refers to stm32g4xx_it.o(i.BusFault_Handler) for BusFault_Handler
    startup_stm32g431xx.o(RESET) refers to stm32g4xx_it.o(i.UsageFault_Handler) for UsageFault_Handler
    startup_stm32g431xx.o(RESET) refers to stm32g4xx_it.o(i.SVC_Handler) for SVC_Handler
    startup_stm32g431xx.o(RESET) refers to stm32g4xx_it.o(i.DebugMon_Handler) for DebugMon_Handler
    startup_stm32g431xx.o(RESET) refers to stm32g4xx_it.o(i.PendSV_Handler) for PendSV_Handler
    startup_stm32g431xx.o(RESET) refers to stm32g4xx_it.o(i.SysTick_Handler) for SysTick_Handler
    startup_stm32g431xx.o(RESET) refers to stm32g4xx_it.o(i.TIM1_TRG_COM_TIM17_IRQHandler) for TIM1_TRG_COM_TIM17_IRQHandler
    startup_stm32g431xx.o(.text) refers to system_stm32g4xx.o(i.SystemInit) for SystemInit
    startup_stm32g431xx.o(.text) refers to entry.o(.ARM.Collect$$$$00000000) for __main
    main.o(i.BTN1_PRESS_DOWN_Handler) refers to stm32g4xx_hal_gpio.o(i.HAL_GPIO_TogglePin) for HAL_GPIO_TogglePin
    main.o(i.BTN1_PRESS_DOWN_Handler) refers to main.o(.data) for .data
    main.o(i.BTN1_PRESS_UP_Handler) refers to stm32g4xx_hal_gpio.o(i.HAL_GPIO_TogglePin) for HAL_GPIO_TogglePin
    main.o(i.BTN1_PRESS_UP_Handler) refers to main.o(.data) for .data
    main.o(i.HAL_TIM_PeriodElapsedCallback) refers to multi_button.o(i.button_ticks) for button_ticks
    main.o(i.SystemClock_Config) refers to memseta.o(.text) for __aeabi_memclr4
    main.o(i.SystemClock_Config) refers to stm32g4xx_hal_pwr_ex.o(i.HAL_PWREx_ControlVoltageScaling) for HAL_PWREx_ControlVoltageScaling
    main.o(i.SystemClock_Config) refers to stm32g4xx_hal_rcc.o(i.HAL_RCC_OscConfig) for HAL_RCC_OscConfig
    main.o(i.SystemClock_Config) refers to stm32g4xx_hal_rcc.o(i.HAL_RCC_ClockConfig) for HAL_RCC_ClockConfig
    main.o(i.main) refers to stm32g4xx_hal.o(i.HAL_Init) for HAL_Init
    main.o(i.main) refers to main.o(i.SystemClock_Config) for SystemClock_Config
    main.o(i.main) refers to gpio.o(i.MX_GPIO_Init) for MX_GPIO_Init
    main.o(i.main) refers to tim.o(i.MX_TIM17_Init) for MX_TIM17_Init
    main.o(i.main) refers to multi_button.o(i.button_init) for button_init
    main.o(i.main) refers to multi_button.o(i.button_attach) for button_attach
    main.o(i.main) refers to multi_button.o(i.button_start) for button_start
    main.o(i.main) refers to stm32g4xx_hal_tim.o(i.HAL_TIM_Base_Start_IT) for HAL_TIM_Base_Start_IT
    main.o(i.main) refers to main.o(i.read_button_GPIO) for read_button_GPIO
    main.o(i.main) refers to main.o(.bss) for .bss
    main.o(i.main) refers to main.o(i.BTN1_PRESS_DOWN_Handler) for BTN1_PRESS_DOWN_Handler
    main.o(i.main) refers to main.o(i.BTN1_PRESS_UP_Handler) for BTN1_PRESS_UP_Handler
    main.o(i.main) refers to tim.o(.bss) for htim17
    main.o(i.read_button_GPIO) refers to stm32g4xx_hal_gpio.o(i.HAL_GPIO_ReadPin) for HAL_GPIO_ReadPin
    gpio.o(i.MX_GPIO_Init) refers to memseta.o(.text) for __aeabi_memclr4
    gpio.o(i.MX_GPIO_Init) refers to stm32g4xx_hal_gpio.o(i.HAL_GPIO_WritePin) for HAL_GPIO_WritePin
    gpio.o(i.MX_GPIO_Init) refers to stm32g4xx_hal_gpio.o(i.HAL_GPIO_Init) for HAL_GPIO_Init
    tim.o(i.HAL_TIM_Base_MspDeInit) refers to stm32g4xx_hal_cortex.o(i.HAL_NVIC_DisableIRQ) for HAL_NVIC_DisableIRQ
    tim.o(i.HAL_TIM_Base_MspInit) refers to stm32g4xx_hal_cortex.o(i.HAL_NVIC_SetPriority) for HAL_NVIC_SetPriority
    tim.o(i.HAL_TIM_Base_MspInit) refers to stm32g4xx_hal_cortex.o(i.HAL_NVIC_EnableIRQ) for HAL_NVIC_EnableIRQ
    tim.o(i.MX_TIM17_Init) refers to stm32g4xx_hal_tim.o(i.HAL_TIM_Base_Init) for HAL_TIM_Base_Init
    tim.o(i.MX_TIM17_Init) refers to main.o(i.Error_Handler) for Error_Handler
    tim.o(i.MX_TIM17_Init) refers to tim.o(.bss) for .bss
    stm32g4xx_it.o(i.SysTick_Handler) refers to stm32g4xx_hal.o(i.HAL_IncTick) for HAL_IncTick
    stm32g4xx_it.o(i.TIM1_TRG_COM_TIM17_IRQHandler) refers to stm32g4xx_hal_tim.o(i.HAL_TIM_IRQHandler) for HAL_TIM_IRQHandler
    stm32g4xx_it.o(i.TIM1_TRG_COM_TIM17_IRQHandler) refers to tim.o(.bss) for htim17
    stm32g4xx_hal_msp.o(i.HAL_MspInit) refers to stm32g4xx_hal_pwr_ex.o(i.HAL_PWREx_DisableUCPDDeadBattery) for HAL_PWREx_DisableUCPDDeadBattery
    stm32g4xx_hal_tim.o(i.HAL_TIM_Base_DeInit) refers to tim.o(i.HAL_TIM_Base_MspDeInit) for HAL_TIM_Base_MspDeInit
[...]
    stm32g4xx_hal.o(i.HAL_InitTick) refers to stm32g4xx_hal_cortex.o(i.HAL_NVIC_SetPriority) for HAL_NVIC_SetPriority
    stm32g4xx_hal.o(i.HAL_InitTick) refers to stm32g4xx_hal.o(.data) for .data
    stm32g4xx_hal.o(i.HAL_InitTick) refers to system_stm32g4xx.o(.data) for SystemCoreClock
    stm32g4xx_hal.o(i.HAL_SYSCFG_EnableVREFBUF) refers to stm32g4xx_hal.o(i.HAL_GetTick) for HAL_GetTick
    stm32g4xx_hal.o(i.HAL_SetTickFreq) refers to stm32g4xx_hal.o(i.HAL_InitTick) for HAL_InitTick
    stm32g4xx_hal.o(i.HAL_SetTickFreq) refers to stm32g4xx_hal.o(.data) for .data
    stm32g4xx_hal_rcc.o(i.HAL_RCC_ClockConfig) refers to stm32g4xx_hal_rcc.o(i.HAL_RCC_GetSysClockFreq) for HAL_RCC_GetSysClockFreq
    stm32g4xx_hal_rcc.o(i.HAL_RCC_ClockConfig) refers to stm32g4xx_hal.o(i.HAL_GetTick) for HAL_GetTick
    stm32g4xx_hal_rcc.o(i.HAL_RCC_ClockConfig) refers to stm32g4xx_hal.o(i.HAL_InitTick) for HAL_InitTick
    stm32g4xx_hal_rcc.o(i.HAL_RCC_ClockConfig) refers to system_stm32g4xx.o(.constdata) for AHBPrescTable
    stm32g4xx_hal_rcc.o(i.HAL_RCC_ClockConfig) refers to system_stm32g4xx.o(.data) for SystemCoreClock
    stm32g4xx_hal_rcc.o(i.HAL_RCC_ClockConfig) refers to stm32g4xx_hal.o(.data) for uwTickPrio
    stm32g4xx_hal_rcc.o(i.HAL_RCC_DeInit) refers to stm32g4xx_hal.o(i.HAL_GetTick) for HAL_GetTick
    stm32g4xx_hal_rcc.o(i.HAL_RCC_DeInit) refers to stm32g4xx_hal.o(i.HAL_InitTick) for HAL_InitTick
    stm32g4xx_hal_rcc.o(i.HAL_RCC_DeInit) refers to system_stm32g4xx.o(.data) for SystemCoreClock
    stm32g4xx_hal_rcc.o(i.HAL_RCC_DeInit) refers to stm32g4xx_hal.o(.data) for uwTickPrio
    stm32g4xx_hal_rcc.o(i.HAL_RCC_GetHCLKFreq) refers to system_stm32g4xx.o(.data) for SystemCoreClock
    stm32g4xx_hal_rcc.o(i.HAL_RCC_GetPCLK1Freq) refers to system_stm32g4xx.o(.data) for SystemCoreClock
    stm32g4xx_hal_rcc.o(i.HAL_RCC_GetPCLK1Freq) refers to system_stm32g4xx.o(.constdata) for APBPrescTable
    stm32g4xx_hal_rcc.o(i.HAL_RCC_GetPCLK2Freq) refers to system_stm32g4xx.o(.data) for SystemCoreClock
    stm32g4xx_hal_rcc.o(i.HAL_RCC_GetPCLK2Freq) refers to system_stm32g4xx.o(.constdata) for APBPrescTable
    stm32g4xx_hal_rcc.o(i.HAL_RCC_MCOConfig) refers to stm32g4xx_hal_gpio.o(i.HAL_GPIO_Init) for HAL_GPIO_Init
    stm32g4xx_hal_rcc.o(i.HAL_RCC_NMI_IRQHandler) refers to stm32g4xx_hal_rcc.o(i.HAL_RCC_CSSCallback) for HAL_RCC_CSSCallback
    stm32g4xx_hal_rcc.o(i.HAL_RCC_OscConfig) refers to stm32g4xx_hal.o(i.HAL_GetTick) for HAL_GetTick
    stm32g4xx_hal_rcc.o(i.HAL_RCC_OscConfig) refers to stm32g4xx_hal.o(i.HAL_InitTick) for HAL_InitTick
    stm32g4xx_hal_rcc.o(i.HAL_RCC_OscConfig) refers to stm32g4xx_hal.o(.data) for uwTickPrio
    stm32g4xx_hal_rcc_ex.o(i.HAL_RCCEx_CRSWaitSynchronization) refers to stm32g4xx_hal.o(i.HAL_GetTick) for HAL_GetTick
    stm32g4xx_hal_rcc_ex.o(i.HAL_RCCEx_CRS_IRQHandler) refers to stm32g4xx_hal_rcc_ex.o(i.HAL_RCCEx_CRS_SyncOkCallback) for HAL_RCCEx_CRS_SyncOkCallback
    stm32g4xx_hal_rcc_ex.o(i.HAL_RCCEx_CRS_IRQHandler) refers to stm32g4xx_hal_rcc_ex.o(i.HAL_RCCEx_CRS_SyncWarnCallback) for HAL_RCCEx_CRS_SyncWarnCallback
    stm32g4xx_hal_rcc_ex.o(i.HAL_RCCEx_CRS_IRQHandler) refers to stm32g4xx_hal_rcc_ex.o(i.HAL_RCCEx_CRS_ExpectedSyncCallback) for HAL_RCCEx_CRS_ExpectedSyncCallback
    stm32g4xx_hal_rcc_ex.o(i.HAL_RCCEx_CRS_IRQHandler) refers to stm32g4xx_hal_rcc_ex.o(i.HAL_RCCEx_CRS_ErrorCallback) for HAL_RCCEx_CRS_ErrorCallback
    stm32g4xx_hal_rcc_ex.o(i.HAL_RCCEx_DisableLSCO) refers to stm32g4xx_hal_pwr.o(i.HAL_PWR_EnableBkUpAccess) for HAL_PWR_EnableBkUpAccess
    stm32g4xx_hal_rcc_ex.o(i.HAL_RCCEx_DisableLSCO) refers to stm32g4xx_hal_pwr.o(i.HAL_PWR_DisableBkUpAccess) for HAL_PWR_DisableBkUpAccess
    stm32g4xx_hal_rcc_ex.o(i.HAL_RCCEx_EnableLSCO) refers to stm32g4xx_hal_gpio.o(i.HAL_GPIO_Init) for HAL_GPIO_Init
    stm32g4xx_hal_rcc_ex.o(i.HAL_RCCEx_EnableLSCO) refers to stm32g4xx_hal_pwr.o(i.HAL_PWR_EnableBkUpAccess) for HAL_PWR_EnableBkUpAccess
    stm32g4xx_hal_rcc_ex.o(i.HAL_RCCEx_EnableLSCO) refers to stm32g4xx_hal_pwr.o(i.HAL_PWR_DisableBkUpAccess) for HAL_PWR_DisableBkUpAccess
    stm32g4xx_hal_rcc_ex.o(i.HAL_RCCEx_GetPeriphCLKFreq) refers to stm32g4xx_hal_rcc.o(i.HAL_RCC_GetSysClockFreq) for HAL_RCC_GetSysClockFreq
    stm32g4xx_hal_rcc_ex.o(i.HAL_RCCEx_GetPeriphCLKFreq) refers to stm32g4xx_hal_rcc.o(i.HAL_RCC_GetPCLK2Freq) for HAL_RCC_GetPCLK2Freq
    stm32g4xx_hal_rcc_ex.o(i.HAL_RCCEx_GetPeriphCLKFreq) refers to stm32g4xx_hal_rcc.o(i.HAL_RCC_GetPCLK1Freq) for HAL_RCC_GetPCLK1Freq
    stm32g4xx_hal_rcc_ex.o(i.HAL_RCCEx_LSECSS_IRQHandler) refers to stm32g4xx_hal_rcc_ex.o(i.HAL_RCCEx_LSECSS_Callback) for HAL_RCCEx_LSECSS_Callback
    stm32g4xx_hal_rcc_ex.o(i.HAL_RCCEx_PeriphCLKConfig) refers to stm32g4xx_hal.o(i.HAL_GetTick) for HAL_GetTick
    stm32g4xx_hal_flash.o(i.FLASH_WaitForLastOperation) refers to stm32g4xx_hal.o(i.HAL_GetTick) for HAL_GetTick
    stm32g4xx_hal_flash.o(i.FLASH_WaitForLastOperation) refers to stm32g4xx_hal_flash.o(.data) for .data
    stm32g4xx_hal_flash.o(i.HAL_FLASH_GetError) refers to stm32g4xx_hal_flash.o(.data) for .data
    stm32g4xx_hal_flash.o(i.HAL_FLASH_IRQHandler) refers to stm32g4xx_hal_flash_ex.o(i.FLASH_FlushCaches) for FLASH_FlushCaches
    stm32g4xx_hal_flash.o(i.HAL_FLASH_IRQHandler) refers to stm32g4xx_hal_flash.o(i.HAL_FLASH_OperationErrorCallback) for HAL_FLASH_OperationErrorCallback
    stm32g4xx_hal_flash.o(i.HAL_FLASH_IRQHandler) refers to stm32g4xx_hal_flash.o(i.HAL_FLASH_EndOfOperationCallback) for HAL_FLASH_EndOfOperationCallback
    stm32g4xx_hal_flash.o(i.HAL_FLASH_IRQHandler) refers to stm32g4xx_hal_flash_ex.o(i.FLASH_PageErase) for FLASH_PageErase
    stm32g4xx_hal_flash.o(i.HAL_FLASH_IRQHandler) refers to stm32g4xx_hal_flash.o(.data) for .data
    stm32g4xx_hal_flash.o(i.HAL_FLASH_OB_Launch) refers to stm32g4xx_hal_flash.o(i.FLASH_WaitForLastOperation) for FLASH_WaitForLastOperation
    stm32g4xx_hal_flash.o(i.HAL_FLASH_Program) refers to stm32g4xx_hal_flash.o(i.FLASH_WaitForLastOperation) for FLASH_WaitForLastOperation
    stm32g4xx_hal_flash.o(i.HAL_FLASH_Program) refers to stm32g4xx_hal_flash.o(i.FLASH_Program_DoubleWord) for FLASH_Program_DoubleWord
    stm32g4xx_hal_flash.o(i.HAL_FLASH_Program) refers to stm32g4xx_hal_flash.o(i.FLASH_Program_Fast) for FLASH_Program_Fast
    stm32g4xx_hal_flash.o(i.HAL_FLASH_Program) refers to stm32g4xx_hal_flash_ex.o(i.FLASH_FlushCaches) for FLASH_FlushCaches
    stm32g4xx_hal_flash.o(i.HAL_FLASH_Program) refers to stm32g4xx_hal_flash.o(.data) for .data
    stm32g4xx_hal_flash.o(i.HAL_FLASH_Program_IT) refers to stm32g4xx_hal_flash.o(i.FLASH_WaitForLastOperation) for FLASH_WaitForLastOperation
    stm32g4xx_hal_flash.o(i.HAL_FLASH_Program_IT) refers to stm32g4xx_hal_flash.o(i.FLASH_Program_DoubleWord) for FLASH_Program_DoubleWord
    stm32g4xx_hal_flash.o(i.HAL_FLASH_Program_IT) refers to stm32g4xx_hal_flash.o(i.FLASH_Program_Fast) for FLASH_Program_Fast
    stm32g4xx_hal_flash.o(i.HAL_FLASH_Program_IT) refers to stm32g4xx_hal_flash.o(.data) for .data
    stm32g4xx_hal_flash_ex.o(i.FLASH_FlushCaches) refers to stm32g4xx_hal_flash.o(.data) for pFlash
    stm32g4xx_hal_flash_ex.o(i.FLASH_OB_UserConfig) refers to stm32g4xx_hal_flash.o(i.FLASH_WaitForLastOperation) for FLASH_WaitForLastOperation
    stm32g4xx_hal_flash_ex.o(i.HAL_FLASHEx_Erase) refers to stm32g4xx_hal_flash.o(i.FLASH_WaitForLastOperation) for FLASH_WaitForLastOperation
    stm32g4xx_hal_flash_ex.o(i.HAL_FLASHEx_Erase) refers to stm32g4xx_hal_flash_ex.o(i.FLASH_MassErase) for FLASH_MassErase
    stm32g4xx_hal_flash_ex.o(i.HAL_FLASHEx_Erase) refers to stm32g4xx_hal_flash_ex.o(i.FLASH_PageErase) for FLASH_PageErase
    stm32g4xx_hal_flash_ex.o(i.HAL_FLASHEx_Erase) refers to stm32g4xx_hal_flash_ex.o(i.FLASH_FlushCaches) for FLASH_FlushCaches
    stm32g4xx_hal_flash_ex.o(i.HAL_FLASHEx_Erase) refers to stm32g4xx_hal_flash.o(.data) for pFlash
    stm32g4xx_hal_flash_ex.o(i.HAL_FLASHEx_Erase_IT) refers to stm32g4xx_hal_flash_ex.o(i.FLASH_PageErase) for FLASH_PageErase
    stm32g4xx_hal_flash_ex.o(i.HAL_FLASHEx_Erase_IT) refers to stm32g4xx_hal_flash_ex.o(i.FLASH_MassErase) for FLASH_MassErase
    stm32g4xx_hal_flash_ex.o(i.HAL_FLASHEx_Erase_IT) refers to stm32g4xx_hal_flash.o(.data) for pFlash
    stm32g4xx_hal_flash_ex.o(i.HAL_FLASHEx_OBProgram) refers to stm32g4xx_hal_flash.o(i.FLASH_WaitForLastOperation) for FLASH_WaitForLastOperation
    stm32g4xx_hal_flash_ex.o(i.HAL_FLASHEx_OBProgram) refers to stm32g4xx_hal_flash_ex.o(i.FLASH_OB_UserConfig) for FLASH_OB_UserConfig
    stm32g4xx_hal_flash_ex.o(i.HAL_FLASHEx_OBProgram) refers to stm32g4xx_hal_flash.o(.data) for pFlash
    stm32g4xx_hal_gpio.o(i.HAL_GPIO_EXTI_IRQHandler) refers to stm32g4xx_hal_gpio.o(i.HAL_GPIO_EXTI_Callback) for HAL_GPIO_EXTI_Callback
    stm32g4xx_hal_dma.o(i.HAL_DMA_DeInit) refers to stm32g4xx_hal_dma.o(i.DMA_CalcDMAMUXChannelBaseAndMask) for DMA_CalcDMAMUXChannelBaseAndMask
    stm32g4xx_hal_dma.o(i.HAL_DMA_DeInit) refers to stm32g4xx_hal_dma.o(i.DMA_CalcDMAMUXRequestGenBaseAndMask) for DMA_CalcDMAMUXRequestGenBaseAndMask
    stm32g4xx_hal_dma.o(i.HAL_DMA_Init) refers to stm32g4xx_hal_dma.o(i.DMA_CalcDMAMUXChannelBaseAndMask) for DMA_CalcDMAMUXChannelBaseAndMask
    stm32g4xx_hal_dma.o(i.HAL_DMA_Init) refers to stm32g4xx_hal_dma.o(i.DMA_CalcDMAMUXRequestGenBaseAndMask) for DMA_CalcDMAMUXRequestGenBaseAndMask
    stm32g4xx_hal_dma.o(i.HAL_DMA_PollForTransfer) refers to stm32g4xx_hal.o(i.HAL_GetTick) for HAL_GetTick
    stm32g4xx_hal_dma.o(i.HAL_DMA_Start) refers to stm32g4xx_hal_dma.o(i.DMA_SetConfig) for DMA_SetConfig
    stm32g4xx_hal_dma.o(i.HAL_DMA_Start_IT) refers to stm32g4xx_hal_dma.o(i.DMA_SetConfig) for DMA_SetConfig
    stm32g4xx_hal_pwr.o(i.HAL_PWR_EnterSLEEPMode) refers to stm32g4xx_hal_pwr_ex.o(i.HAL_PWREx_EnableLowPowerRunMode) for HAL_PWREx_EnableLowPowerRunMode
    stm32g4xx_hal_pwr.o(i.HAL_PWR_EnterSLEEPMode) refers to stm32g4xx_hal_pwr_ex.o(i.HAL_PWREx_DisableLowPowerRunMode) for HAL_PWREx_DisableLowPowerRunMode
    stm32g4xx_hal_pwr.o(i.HAL_PWR_EnterSTOPMode) refers to stm32g4xx_hal_pwr_ex.o(i.HAL_PWREx_EnterSTOP0Mode) for HAL_PWREx_EnterSTOP0Mode
    stm32g4xx_hal_pwr.o(i.HAL_PWR_EnterSTOPMode) refers to stm32g4xx_hal_pwr_ex.o(i.HAL_PWREx_EnterSTOP1Mode) for HAL_PWREx_EnterSTOP1Mode
    stm32g4xx_hal_cortex.o(i.HAL_NVIC_SetPriority) refers to stm32g4xx_hal_cortex.o(i.__NVIC_SetPriority) for __NVIC_SetPriority
    stm32g4xx_hal_cortex.o(i.HAL_SYSTICK_Config) refers to stm32g4xx_hal_cortex.o(i.__NVIC_SetPriority) for __NVIC_SetPriority
    stm32g4xx_hal_cortex.o(i.HAL_SYSTICK_IRQHandler) refers to stm32g4xx_hal_cortex.o(i.HAL_SYSTICK_Callback) for HAL_SYSTICK_Callback
    system_stm32g4xx.o(i.SystemCoreClockUpdate) refers to system_stm32g4xx.o(.data) for .data
    system_stm32g4xx.o(i.SystemCoreClockUpdate) refers to system_stm32g4xx.o(.constdata) for .constdata
    multi_button.o(i.button_init) refers to memseta.o(.text) for __aeabi_memclr4
    multi_button.o(i.button_start) refers to multi_button.o(.data) for .data
    multi_button.o(i.button_stop) refers to multi_button.o(.data) for .data
    multi_button.o(i.button_ticks) refers to multi_button.o(i.button_handler) for button_handler
    multi_button.o(i.button_ticks) refers to multi_button.o(.data) for .data
    entry.o(.ARM.Collect$$$$00000000) refers (Special) to entry10a.o(.ARM.Collect$$$$0000000F) for __rt_final_cpp
    entry.o(.ARM.Collect$$$$00000000) refers (Special) to entry11a.o(.ARM.Collect$$$$00000011) for __rt_final_exit
    entry.o(.ARM.Collect$$$$00000000) refers (Special) to entry12b.o(.ARM.Collect$$$$0000000E) for __rt_lib_shutdown_fini
    entry.o(.ARM.Collect$$$$00000000) refers (Special) to entry7b.o(.ARM.Collect$$$$00000008) for _main_clock
    entry.o(.ARM.Collect$$$$00000000) refers (Special) to entry8b.o(.ARM.Collect$$$$0000000A) for _main_cpp_init
    entry.o(.ARM.Collect$$$$00000000) refers (Special) to entry9a.o(.ARM.Collect$$$$0000000B) for _main_init
    entry.o(.ARM.Collect$$$$00000000) refers (Special) to entry5.o(.ARM.Collect$$$$00000004) for _main_scatterload
    entry.o(.ARM.Collect$$$$00000000) refers (Special) to entry2.o(.ARM.Collect$$$$00000001) for _main_stk
    entry2.o(.ARM.Collect$$$$00000001) refers to entry2.o(.ARM.Collect$$$$00002712) for __lit__00000000
    entry2.o(.ARM.Collect$$$$00002712) refers to startup_stm32g431xx.o(STACK) for __initial_sp
    entry2.o(__vectab_stack_and_reset_area) refers to startup_stm32g431xx.o(STACK) for __initial_sp
    entry2.o(__vectab_stack_and_reset_area) refers to entry.o(.ARM.Collect$$$$00000000) for __main
    entry5.o(.ARM.Collect$$$$00000004) refers to init.o(.text) for __scatterload
    entry9a.o(.ARM.Collect$$$$0000000B) refers to main.o(i.main) for main
    entry9b.o(.ARM.Collect$$$$0000000C) refers to main.o(i.main) for main
    init.o(.text) refers to entry5.o(.ARM.Collect$$$$00000004) for __main_after_scatterload


==============================================================================

Removing Unused input sections from the image.

    Removing startup_stm32g431xx.o(HEAP), (512 bytes).
    Removing main.o(.rev16_text), (4 bytes).
    Removing main.o(.revsh_text), (4 bytes).
    Removing main.o(.rrx_text), (6 bytes).
    Removing gpio.o(.rev16_text), (4 bytes).
    Removing gpio.o(.revsh_text), (4 bytes).
    Removing gpio.o(.rrx_text), (6 bytes).
    Removing tim.o(.rev16_text), (4 bytes).
    Removing tim.o(.revsh_text), (4 bytes).
    Removing tim.o(.rrx_text), (6 bytes).
    Removing tim.o(i.HAL_TIM_Base_MspDeInit), (36 bytes).
    Removing stm32g4xx_it.o(.rev16_text), (4 bytes).
    Removing stm32g4xx_it.o(.revsh_text), (4 bytes).
    Removing stm32g4xx_it.o(.rrx_text), (6 bytes).
    Removing stm32g4xx_hal_msp.o(.rev16_text), (4 bytes).
    Removing stm32g4xx_hal_msp.o(.revsh_text), (4 bytes).
    Removing stm32g4xx_hal_msp.o(.rrx_text), (6 bytes).
    Removing stm32g4xx_hal_tim.o(.rev16_text), (4 bytes).
    Removing stm32g4xx_hal_tim.o(.revsh_text), (4 bytes).
    Removing stm32g4xx_hal_tim.o(.rrx_text), (6 bytes).
    Removing stm32g4xx_hal_tim.o(i.HAL_TIM_Base_DeInit), (100 bytes).
    Removing stm32g4xx_hal_tim.o(i.HAL_TIM_Base_GetState), (6 bytes).
    Removing stm32g4xx_hal_tim.o(i.HAL_TIM_Base_MspDeInit), (2 bytes).
    Removing stm32g4xx_hal_tim.o(i.HAL_TIM_Base_MspInit), (2 bytes).
    Removing stm32g4xx_hal_tim.o(i.HAL_TIM_Base_Start), (108 bytes).
    Removing stm32g4xx_hal_tim.o(i.HAL_TIM_Base_Start_DMA), (180 bytes).
    Removing stm32g4xx_hal_tim.o(i.HAL_TIM_Base_Stop), (38 bytes).
    Removing stm32g4xx_hal_tim.o(i.HAL_TIM_Base_Stop_DMA), (58 bytes).
    Removing stm32g4xx_hal_tim.o(i.HAL_TIM_Base_Stop_IT), (48 bytes).
    Removing stm32g4xx_hal_tim.o(i.HAL_TIM_ConfigClockSource), (256 bytes).
    Removing stm32g4xx_hal_tim.o(i.HAL_TIM_ConfigOCrefClear), (496 bytes).
    Removing stm32g4xx_hal_tim.o(i.HAL_TIM_ConfigTI1Input), (16 bytes).
    Removing stm32g4xx_hal_tim.o(i.HAL_TIM_DMABurstState), (6 bytes).
    Removing stm32g4xx_hal_tim.o(i.HAL_TIM_DMABurst_MultiReadStart), (336 bytes).
    Removing stm32g4xx_hal_tim.o(i.HAL_TIM_DMABurst_MultiWriteStart), (336 bytes).
    Removing stm32g4xx_hal_tim.o(i.HAL_TIM_DMABurst_ReadStart), (18 bytes).
    Removing stm32g4xx_hal_tim.o(i.HAL_TIM_DMABurst_ReadStop), (106 bytes).
    Removing stm32g4xx_hal_tim.o(i.HAL_TIM_DMABurst_WriteStart), (18 bytes).
    Removing stm32g4xx_hal_tim.o(i.HAL_TIM_DMABurst_WriteStop), (106 bytes).
    Removing stm32g4xx_hal_tim.o(i.HAL_TIM_Encoder_DeInit), (76 bytes).
    Removing stm32g4xx_hal_tim.o(i.HAL_TIM_Encoder_GetState), (6 bytes).
    Removing stm32g4xx_hal_tim.o(i.HAL_TIM_Encoder_Init), (168 bytes).
    Removing stm32g4xx_hal_tim.o(i.HAL_TIM_Encoder_MspDeInit), (2 bytes).
    Removing stm32g4xx_hal_tim.o(i.HAL_TIM_Encoder_MspInit), (2 bytes).
    Removing stm32g4xx_hal_tim.o(i.HAL_TIM_Encoder_Start), (142 bytes).
    Removing stm32g4xx_hal_tim.o(i.HAL_TIM_Encoder_Start_DMA), (428 bytes).
    Removing stm32g4xx_hal_tim.o(i.HAL_TIM_Encoder_Start_IT), (182 bytes).
    Removing stm32g4xx_hal_tim.o(i.HAL_TIM_Encoder_Stop), (102 bytes).
    Removing stm32g4xx_hal_tim.o(i.HAL_TIM_Encoder_Stop_DMA), (172 bytes).
    Removing stm32g4xx_hal_tim.o(i.HAL_TIM_Encoder_Stop_IT), (144 bytes).
    Removing stm32g4xx_hal_tim.o(i.HAL_TIM_ErrorCallback), (2 bytes).
    Removing stm32g4xx_hal_tim.o(i.HAL_TIM_GenerateEvent), (38 bytes).
    Removing stm32g4xx_hal_tim.o(i.HAL_TIM_GetActiveChannel), (4 bytes).
    Removing stm32g4xx_hal_tim.o(i.HAL_TIM_GetChannelState), (54 bytes).
    Removing stm32g4xx_hal_tim.o(i.HAL_TIM_IC_CaptureHalfCpltCallback), (2 bytes).
    Removing stm32g4xx_hal_tim.o(i.HAL_TIM_IC_ConfigChannel), (292 bytes).
    Removing stm32g4xx_hal_tim.o(i.HAL_TIM_IC_DeInit), (100 bytes).
    Removing stm32g4xx_hal_tim.o(i.HAL_TIM_IC_GetState), (6 bytes).
    Removing stm32g4xx_hal_tim.o(i.HAL_TIM_IC_Init), (98 bytes).
    Removing stm32g4xx_hal_tim.o(i.HAL_TIM_IC_MspDeInit), (2 bytes).
    Removing stm32g4xx_hal_tim.o(i.HAL_TIM_IC_MspInit), (2 bytes).
    Removing stm32g4xx_hal_tim.o(i.HAL_TIM_IC_Start), (260 bytes).
    Removing stm32g4xx_hal_tim.o(i.HAL_TIM_IC_Start_DMA), (492 bytes).
    Removing stm32g4xx_hal_tim.o(i.HAL_TIM_IC_Start_IT), (300 bytes).
    Removing stm32g4xx_hal_tim.o(i.HAL_TIM_IC_Stop), (108 bytes).
    Removing stm32g4xx_hal_tim.o(i.HAL_TIM_IC_Stop_DMA), (184 bytes).
    Removing stm32g4xx_hal_tim.o(i.HAL_TIM_IC_Stop_IT), (172 bytes).
    Removing stm32g4xx_hal_tim.o(i.HAL_TIM_OC_ConfigChannel), (110 bytes).
    Removing stm32g4xx_hal_tim.o(i.HAL_TIM_OC_DeInit), (100 bytes).
    Removing stm32g4xx_hal_tim.o(i.HAL_TIM_OC_GetState), (6 bytes).
    Removing stm32g4xx_hal_tim.o(i.HAL_TIM_OC_Init), (98 bytes).
    Removing stm32g4xx_hal_tim.o(i.HAL_TIM_OC_MspDeInit), (2 bytes).
    Removing stm32g4xx_hal_tim.o(i.HAL_TIM_OC_MspInit), (2 bytes).
    Removing stm32g4xx_hal_tim.o(i.HAL_TIM_OC_Start), (252 bytes).
    Removing stm32g4xx_hal_tim.o(i.HAL_TIM_OC_Start_DMA), (508 bytes).
    Removing stm32g4xx_hal_tim.o(i.HAL_TIM_OC_Start_IT), (296 bytes).
    Removing stm32g4xx_hal_tim.o(i.HAL_TIM_OC_Stop), (172 bytes).
    Removing stm32g4xx_hal_tim.o(i.HAL_TIM_OC_Stop_DMA), (256 bytes).
    Removing stm32g4xx_hal_tim.o(i.HAL_TIM_OC_Stop_IT), (236 bytes).
    Removing stm32g4xx_hal_tim.o(i.HAL_TIM_OnePulse_ConfigChannel), (248 bytes).
    Removing stm32g4xx_hal_tim.o(i.HAL_TIM_OnePulse_DeInit), (76 bytes).
    Removing stm32g4xx_hal_tim.o(i.HAL_TIM_OnePulse_GetState), (6 bytes).
    Removing stm32g4xx_hal_tim.o(i.HAL_TIM_OnePulse_Init), (86 bytes).
    Removing stm32g4xx_hal_tim.o(i.HAL_TIM_OnePulse_MspDeInit), (2 bytes).
    Removing stm32g4xx_hal_tim.o(i.HAL_TIM_OnePulse_MspInit), (2 bytes).
    Removing stm32g4xx_hal_tim.o(i.HAL_TIM_OnePulse_Start), (144 bytes).
    Removing stm32g4xx_hal_tim.o(i.HAL_TIM_OnePulse_Start_IT), (164 bytes).
    Removing stm32g4xx_hal_tim.o(i.HAL_TIM_OnePulse_Stop), (140 bytes).
    Removing stm32g4xx_hal_tim.o(i.HAL_TIM_OnePulse_Stop_IT), (160 bytes).
    Removing stm32g4xx_hal_tim.o(i.HAL_TIM_PWM_ConfigChannel), (292 bytes).
    Removing stm32g4xx_hal_tim.o(i.HAL_TIM_PWM_DeInit), (100 bytes).
    Removing stm32g4xx_hal_tim.o(i.HAL_TIM_PWM_GetState), (6 bytes).
    Removing stm32g4xx_hal_tim.o(i.HAL_TIM_PWM_Init), (98 bytes).
    Removing stm32g4xx_hal_tim.o(i.HAL_TIM_PWM_MspDeInit), (2 bytes).
    Removing stm32g4xx_hal_tim.o(i.HAL_TIM_PWM_MspInit), (2 bytes).
    Removing stm32g4xx_hal_tim.o(i.HAL_TIM_PWM_PulseFinishedHalfCpltCallback), (2 bytes).
    Removing stm32g4xx_hal_tim.o(i.HAL_TIM_PWM_Start), (252 bytes).
    Removing stm32g4xx_hal_tim.o(i.HAL_TIM_PWM_Start_DMA), (508 bytes).
    Removing stm32g4xx_hal_tim.o(i.HAL_TIM_PWM_Start_IT), (296 bytes).
    Removing stm32g4xx_hal_tim.o(i.HAL_TIM_PWM_Stop), (172 bytes).
    Removing stm32g4xx_hal_tim.o(i.HAL_TIM_PWM_Stop_DMA), (256 bytes).
    Removing stm32g4xx_hal_tim.o(i.HAL_TIM_PWM_Stop_IT), (236 bytes).
    Removing stm32g4xx_hal_tim.o(i.HAL_TIM_PeriodElapsedCallback), (2 bytes).
    Removing stm32g4xx_hal_tim.o(i.HAL_TIM_PeriodElapsedHalfCpltCallback), (2 bytes).
    Removing stm32g4xx_hal_tim.o(i.HAL_TIM_ReadCapturedValue), (42 bytes).
    Removing stm32g4xx_hal_tim.o(i.HAL_TIM_SlaveConfigSynchro), (86 bytes).
    Removing stm32g4xx_hal_tim.o(i.HAL_TIM_SlaveConfigSynchro_IT), (86 bytes).
    Removing stm32g4xx_hal_tim.o(i.HAL_TIM_TriggerHalfCpltCallback), (2 bytes).
    Removing stm32g4xx_hal_tim.o(i.TIM_CCxChannelCmd), (26 bytes).
    Removing stm32g4xx_hal_tim.o(i.TIM_DMACaptureCplt), (110 bytes).
    Removing stm32g4xx_hal_tim.o(i.TIM_DMACaptureHalfCplt), (56 bytes).
    Removing stm32g4xx_hal_tim.o(i.TIM_DMADelayPulseCplt), (94 bytes).
    Removing stm32g4xx_hal_tim.o(i.TIM_DMADelayPulseHalfCplt), (56 bytes).
    Removing stm32g4xx_hal_tim.o(i.TIM_DMAError), (84 bytes).
    Removing stm32g4xx_hal_tim.o(i.TIM_DMAPeriodElapsedCplt), (22 bytes).
    Removing stm32g4xx_hal_tim.o(i.TIM_DMAPeriodElapsedHalfCplt), (10 bytes).
    Removing stm32g4xx_hal_tim.o(i.TIM_DMATriggerCplt), (22 bytes).
    Removing stm32g4xx_hal_tim.o(i.TIM_DMATriggerHalfCplt), (10 bytes).
    Removing stm32g4xx_hal_tim.o(i.TIM_ETR_SetConfig), (20 bytes).
    Removing stm32g4xx_hal_tim.o(i.TIM_ITRx_SetConfig), (20 bytes).
    Removing stm32g4xx_hal_tim.o(i.TIM_OC1_SetConfig), (156 bytes).
    Removing stm32g4xx_hal_tim.o(i.TIM_OC2_SetConfig), (144 bytes).
    Removing stm32g4xx_hal_tim.o(i.TIM_OC3_SetConfig), (144 bytes).
    Removing stm32g4xx_hal_tim.o(i.TIM_OC4_SetConfig), (144 bytes).
    Removing stm32g4xx_hal_tim.o(i.TIM_OC5_SetConfig), (112 bytes).
    Removing stm32g4xx_hal_tim.o(i.TIM_OC6_SetConfig), (112 bytes).
    Removing stm32g4xx_hal_tim.o(i.TIM_SlaveTimer_SetConfig), (208 bytes).
    Removing stm32g4xx_hal_tim.o(i.TIM_TI1_ConfigInputStage), (34 bytes).
    Removing stm32g4xx_hal_tim.o(i.TIM_TI1_SetConfig), (108 bytes).
    Removing stm32g4xx_hal_tim.o(i.TIM_TI2_ConfigInputStage), (36 bytes).
    Removing stm32g4xx_hal_tim.o(i.TIM_TI2_SetConfig), (54 bytes).
    Removing stm32g4xx_hal_tim_ex.o(.rev16_text), (4 bytes).
    Removing stm32g4xx_hal_tim_ex.o(.revsh_text), (4 bytes).
    Removing stm32g4xx_hal_tim_ex.o(.rrx_text), (6 bytes).
    Removing stm32g4xx_hal_tim_ex.o(i.HAL_TIMEx_CommutHalfCpltCallback), (2 bytes).
    Removing stm32g4xx_hal_tim_ex.o(i.HAL_TIMEx_ConfigAsymmetricalDeadTime), (16 bytes).
    Removing stm32g4xx_hal_tim_ex.o(i.HAL_TIMEx_ConfigBreakDeadTime), (156 bytes).
    Removing stm32g4xx_hal_tim_ex.o(i.HAL_TIMEx_ConfigBreakInput), (202 bytes).
    Removing stm32g4xx_hal_tim_ex.o(i.HAL_TIMEx_ConfigCommutEvent), (152 bytes).
    Removing stm32g4xx_hal_tim_ex.o(i.HAL_TIMEx_ConfigCommutEvent_DMA), (184 bytes).
    Removing stm32g4xx_hal_tim_ex.o(i.HAL_TIMEx_ConfigCommutEvent_IT), (152 bytes).
    Removing stm32g4xx_hal_tim_ex.o(i.HAL_TIMEx_ConfigDeadTime), (16 bytes).
    Removing stm32g4xx_hal_tim_ex.o(i.HAL_TIMEx_ConfigEncoderIndex), (80 bytes).
    Removing stm32g4xx_hal_tim_ex.o(i.HAL_TIMEx_ConfigSlaveModePreload), (16 bytes).
    Removing stm32g4xx_hal_tim_ex.o(i.HAL_TIMEx_DisableAsymmetricalDeadTime), (14 bytes).
    Removing stm32g4xx_hal_tim_ex.o(i.HAL_TIMEx_DisableDeadTimePreload), (14 bytes).
    Removing stm32g4xx_hal_tim_ex.o(i.HAL_TIMEx_DisableEncoderFirstIndex), (14 bytes).
    Removing stm32g4xx_hal_tim_ex.o(i.HAL_TIMEx_DisableEncoderIndex), (14 bytes).
    Removing stm32g4xx_hal_tim_ex.o(i.HAL_TIMEx_DisableSlaveModePreload), (14 bytes).
    Removing stm32g4xx_hal_tim_ex.o(i.HAL_TIMEx_DisarmBreakInput), (72 bytes).
    Removing stm32g4xx_hal_tim_ex.o(i.HAL_TIMEx_DitheringDisable), (14 bytes).
    Removing stm32g4xx_hal_tim_ex.o(i.HAL_TIMEx_DitheringEnable), (14 bytes).
    Removing stm32g4xx_hal_tim_ex.o(i.HAL_TIMEx_EnableAsymmetricalDeadTime), (14 bytes).
    Removing stm32g4xx_hal_tim_ex.o(i.HAL_TIMEx_EnableDeadTimePreload), (14 bytes).
    Removing stm32g4xx_hal_tim_ex.o(i.HAL_TIMEx_EnableEncoderFirstIndex), (14 bytes).
    Removing stm32g4xx_hal_tim_ex.o(i.HAL_TIMEx_EnableEncoderIndex), (14 bytes).
    Removing stm32g4xx_hal_tim_ex.o(i.HAL_TIMEx_EnableSlaveModePreload), (14 bytes).
    Removing stm32g4xx_hal_tim_ex.o(i.HAL_TIMEx_GetChannelNState), (34 bytes).
    Removing stm32g4xx_hal_tim_ex.o(i.HAL_TIMEx_GroupChannel5), (56 bytes).
    Removing stm32g4xx_hal_tim_ex.o(i.HAL_TIMEx_HallSensor_DeInit), (76 bytes).
    Removing stm32g4xx_hal_tim_ex.o(i.HAL_TIMEx_HallSensor_GetState), (6 bytes).
    Removing stm32g4xx_hal_tim_ex.o(i.HAL_TIMEx_HallSensor_Init), (220 bytes).
    Removing stm32g4xx_hal_tim_ex.o(i.HAL_TIMEx_HallSensor_MspDeInit), (2 bytes).
    Removing stm32g4xx_hal_tim_ex.o(i.HAL_TIMEx_HallSensor_MspInit), (2 bytes).
    Removing stm32g4xx_hal_tim_ex.o(i.HAL_TIMEx_HallSensor_Start), (160 bytes).
    Removing stm32g4xx_hal_tim_ex.o(i.HAL_TIMEx_HallSensor_Start_DMA), (212 bytes).
    Removing stm32g4xx_hal_tim_ex.o(i.HAL_TIMEx_HallSensor_Start_IT), (168 bytes).
    Removing stm32g4xx_hal_tim_ex.o(i.HAL_TIMEx_HallSensor_Stop), (58 bytes).
    Removing stm32g4xx_hal_tim_ex.o(i.HAL_TIMEx_HallSensor_Stop_DMA), (70 bytes).
    Removing stm32g4xx_hal_tim_ex.o(i.HAL_TIMEx_HallSensor_Stop_IT), (68 bytes).
    Removing stm32g4xx_hal_tim_ex.o(i.HAL_TIMEx_MasterConfigSynchronization), (156 bytes).
    Removing stm32g4xx_hal_tim_ex.o(i.HAL_TIMEx_OCN_Start), (184 bytes).
    Removing stm32g4xx_hal_tim_ex.o(i.HAL_TIMEx_OCN_Start_DMA), (428 bytes).
    Removing stm32g4xx_hal_tim_ex.o(i.HAL_TIMEx_OCN_Start_IT), (236 bytes).
    Removing stm32g4xx_hal_tim_ex.o(i.HAL_TIMEx_OCN_Stop), (104 bytes).
    Removing stm32g4xx_hal_tim_ex.o(i.HAL_TIMEx_OCN_Stop_DMA), (186 bytes).
    Removing stm32g4xx_hal_tim_ex.o(i.HAL_TIMEx_OCN_Stop_IT), (184 bytes).
    Removing stm32g4xx_hal_tim_ex.o(i.HAL_TIMEx_OC_ConfigPulseOnCompare), (60 bytes).
    Removing stm32g4xx_hal_tim_ex.o(i.HAL_TIMEx_OnePulseN_Start), (100 bytes).
    Removing stm32g4xx_hal_tim_ex.o(i.HAL_TIMEx_OnePulseN_Start_IT), (120 bytes).
    Removing stm32g4xx_hal_tim_ex.o(i.HAL_TIMEx_OnePulseN_Stop), (98 bytes).
    Removing stm32g4xx_hal_tim_ex.o(i.HAL_TIMEx_OnePulseN_Stop_IT), (120 bytes).
    Removing stm32g4xx_hal_tim_ex.o(i.HAL_TIMEx_PWMN_Start), (184 bytes).
    Removing stm32g4xx_hal_tim_ex.o(i.HAL_TIMEx_PWMN_Start_DMA), (428 bytes).
    Removing stm32g4xx_hal_tim_ex.o(i.HAL_TIMEx_PWMN_Start_IT), (236 bytes).
    Removing stm32g4xx_hal_tim_ex.o(i.HAL_TIMEx_PWMN_Stop), (104 bytes).
    Removing stm32g4xx_hal_tim_ex.o(i.HAL_TIMEx_PWMN_Stop_DMA), (186 bytes).
    Removing stm32g4xx_hal_tim_ex.o(i.HAL_TIMEx_PWMN_Stop_IT), (184 bytes).
    Removing stm32g4xx_hal_tim_ex.o(i.HAL_TIMEx_ReArmBreakInput), (112 bytes).
    Removing stm32g4xx_hal_tim_ex.o(i.HAL_TIMEx_RemapConfig), (40 bytes).
    Removing stm32g4xx_hal_tim_ex.o(i.HAL_TIMEx_TISelection), (136 bytes).
    Removing stm32g4xx_hal_tim_ex.o(i.TIMEx_DMACommutationCplt), (16 bytes).
    Removing stm32g4xx_hal_tim_ex.o(i.TIMEx_DMACommutationHalfCplt), (16 bytes).
    Removing stm32g4xx_hal_tim_ex.o(i.TIM_CCxNChannelCmd), (26 bytes).
    Removing stm32g4xx_hal_tim_ex.o(i.TIM_DMADelayPulseNCplt), (94 bytes).
    Removing stm32g4xx_hal_tim_ex.o(i.TIM_DMAErrorCCxN), (78 bytes).
    Removing stm32g4xx_hal_pwr_ex.o(.rev16_text), (4 bytes).
    Removing stm32g4xx_hal_pwr_ex.o(.revsh_text), (4 bytes).
    Removing stm32g4xx_hal_pwr_ex.o(.rrx_text), (6 bytes).
    Removing stm32g4xx_hal_pwr_ex.o(i.HAL_PWREx_ConfigPVM), (400 bytes).
    Removing stm32g4xx_hal_pwr_ex.o(i.HAL_PWREx_DisableBatteryCharging), (16 bytes).
    Removing stm32g4xx_hal_pwr_ex.o(i.HAL_PWREx_DisableGPIOPullDown), (100 bytes).
    Removing stm32g4xx_hal_pwr_ex.o(i.HAL_PWREx_DisableGPIOPullUp), (104 bytes).
    Removing stm32g4xx_hal_pwr_ex.o(i.HAL_PWREx_DisableInternalWakeUpLine), (16 bytes).
    Removing stm32g4xx_hal_pwr_ex.o(i.HAL_PWREx_DisableLowPowerRunMode), (64 bytes).
    Removing stm32g4xx_hal_pwr_ex.o(i.HAL_PWREx_DisablePVM1), (16 bytes).
    Removing stm32g4xx_hal_pwr_ex.o(i.HAL_PWREx_DisablePVM2), (16 bytes).
    Removing stm32g4xx_hal_pwr_ex.o(i.HAL_PWREx_DisablePVM3), (16 bytes).
    Removing stm32g4xx_hal_pwr_ex.o(i.HAL_PWREx_DisablePVM4), (16 bytes).
    Removing stm32g4xx_hal_pwr_ex.o(i.HAL_PWREx_DisablePullUpPullDownConfig), (16 bytes).
    Removing stm32g4xx_hal_pwr_ex.o(i.HAL_PWREx_DisableSRAM2ContentRetention), (16 bytes).
    Removing stm32g4xx_hal_pwr_ex.o(i.HAL_PWREx_DisableUCPDStandbyMode), (16 bytes).
    Removing stm32g4xx_hal_pwr_ex.o(i.HAL_PWREx_EnableBatteryCharging), (28 bytes).
    Removing stm32g4xx_hal_pwr_ex.o(i.HAL_PWREx_EnableGPIOPullDown), (152 bytes).
    Removing stm32g4xx_hal_pwr_ex.o(i.HAL_PWREx_EnableGPIOPullUp), (152 bytes).
    Removing stm32g4xx_hal_pwr_ex.o(i.HAL_PWREx_EnableInternalWakeUpLine), (16 bytes).
    Removing stm32g4xx_hal_pwr_ex.o(i.HAL_PWREx_EnableLowPowerRunMode), (16 bytes).
    Removing stm32g4xx_hal_pwr_ex.o(i.HAL_PWREx_EnablePVM1), (16 bytes).
    Removing stm32g4xx_hal_pwr_ex.o(i.HAL_PWREx_EnablePVM2), (16 bytes).
    Removing stm32g4xx_hal_pwr_ex.o(i.HAL_PWREx_EnablePVM3), (16 bytes).
    Removing stm32g4xx_hal_pwr_ex.o(i.HAL_PWREx_EnablePVM4), (16 bytes).
    Removing stm32g4xx_hal_pwr_ex.o(i.HAL_PWREx_EnablePullUpPullDownConfig), (16 bytes).
    Removing stm32g4xx_hal_pwr_ex.o(i.HAL_PWREx_EnableSRAM2ContentRetention), (16 bytes).
    Removing stm32g4xx_hal_pwr_ex.o(i.HAL_PWREx_EnableUCPDDeadBattery), (16 bytes).
    Removing stm32g4xx_hal_pwr_ex.o(i.HAL_PWREx_EnableUCPDStandbyMode), (16 bytes).
    Removing stm32g4xx_hal_pwr_ex.o(i.HAL_PWREx_EnterSHUTDOWNMode), (36 bytes).
    Removing stm32g4xx_hal_pwr_ex.o(i.HAL_PWREx_EnterSTOP0Mode), (52 bytes).
    Removing stm32g4xx_hal_pwr_ex.o(i.HAL_PWREx_EnterSTOP1Mode), (56 bytes).
    Removing stm32g4xx_hal_pwr_ex.o(i.HAL_PWREx_GetVoltageRange), (40 bytes).
    Removing stm32g4xx_hal_pwr_ex.o(i.HAL_PWREx_PVD_PVM_IRQHandler), (88 bytes).
    Removing stm32g4xx_hal_pwr_ex.o(i.HAL_PWREx_PVM1Callback), (2 bytes).
    Removing stm32g4xx_hal_pwr_ex.o(i.HAL_PWREx_PVM2Callback), (2 bytes).
    Removing stm32g4xx_hal_pwr_ex.o(i.HAL_PWREx_PVM3Callback), (2 bytes).
    Removing stm32g4xx_hal_pwr_ex.o(i.HAL_PWREx_PVM4Callback), (2 bytes).
    Removing stm32g4xx_hal.o(.rev16_text), (4 bytes).
    Removing stm32g4xx_hal.o(.revsh_text), (4 bytes).
    Removing stm32g4xx_hal.o(.rrx_text), (6 bytes).
    Removing stm32g4xx_hal.o(i.HAL_DBGMCU_DisableDBGSleepMode), (16 bytes).
    Removing stm32g4xx_hal.o(i.HAL_DBGMCU_DisableDBGStandbyMode), (16 bytes).
    Removing stm32g4xx_hal.o(i.HAL_DBGMCU_DisableDBGStopMode), (16 bytes).
    Removing stm32g4xx_hal.o(i.HAL_DBGMCU_EnableDBGSleepMode), (16 bytes).
    Removing stm32g4xx_hal.o(i.HAL_DBGMCU_EnableDBGStandbyMode), (16 bytes).
    Removing stm32g4xx_hal.o(i.HAL_DBGMCU_EnableDBGStopMode), (16 bytes).
    Removing stm32g4xx_hal.o(i.HAL_DeInit), (44 bytes).
    Removing stm32g4xx_hal.o(i.HAL_Delay), (36 bytes).
    Removing stm32g4xx_hal.o(i.HAL_GetDEVID), (16 bytes).
    Removing stm32g4xx_hal.o(i.HAL_GetHalVersion), (8 bytes).
    Removing stm32g4xx_hal.o(i.HAL_GetREVID), (12 bytes).
    Removing stm32g4xx_hal.o(i.HAL_GetTickFreq), (12 bytes).
    Removing stm32g4xx_hal.o(i.HAL_GetTickPrio), (12 bytes).
    Removing stm32g4xx_hal.o(i.HAL_GetUIDw0), (12 bytes).
    Removing stm32g4xx_hal.o(i.HAL_GetUIDw1), (12 bytes).
    Removing stm32g4xx_hal.o(i.HAL_GetUIDw2), (12 bytes).
    Removing stm32g4xx_hal.o(i.HAL_MspDeInit), (2 bytes).
    Removing stm32g4xx_hal.o(i.HAL_MspInit), (2 bytes).
    Removing stm32g4xx_hal.o(i.HAL_ResumeTick), (14 bytes).
    Removing stm32g4xx_hal.o(i.HAL_SYSCFG_CCMSRAMErase), (24 bytes).
    Removing stm32g4xx_hal.o(i.HAL_SYSCFG_CCMSRAM_WriteProtectionEnable), (16 bytes).
    Removing stm32g4xx_hal.o(i.HAL_SYSCFG_DisableIOSwitchBooster), (16 bytes).
    Removing stm32g4xx_hal.o(i.HAL_SYSCFG_DisableIOSwitchVDD), (16 bytes).
    Removing stm32g4xx_hal.o(i.HAL_SYSCFG_DisableMemorySwappingBank), (16 bytes).
    Removing stm32g4xx_hal.o(i.HAL_SYSCFG_DisableVREFBUF), (16 bytes).
    Removing stm32g4xx_hal.o(i.HAL_SYSCFG_EnableIOSwitchBooster), (16 bytes).
    Removing stm32g4xx_hal.o(i.HAL_SYSCFG_EnableIOSwitchVDD), (16 bytes).
    Removing stm32g4xx_hal.o(i.HAL_SYSCFG_EnableMemorySwappingBank), (16 bytes).
    Removing stm32g4xx_hal.o(i.HAL_SYSCFG_EnableVREFBUF), (48 bytes).
    Removing stm32g4xx_hal.o(i.HAL_SYSCFG_VREFBUF_HighImpedanceConfig), (20 bytes).
    Removing stm32g4xx_hal.o(i.HAL_SYSCFG_VREFBUF_TrimmingConfig), (20 bytes).
    Removing stm32g4xx_hal.o(i.HAL_SYSCFG_VREFBUF_VoltageScalingConfig), (20 bytes).
    Removing stm32g4xx_hal.o(i.HAL_SetTickFreq), (36 bytes).
    Removing stm32g4xx_hal.o(i.HAL_SuspendTick), (14 bytes).
    Removing stm32g4xx_hal_rcc.o(.rev16_text), (4 bytes).
    Removing stm32g4xx_hal_rcc.o(.revsh_text), (4 bytes).
    Removing stm32g4xx_hal_rcc.o(.rrx_text), (6 bytes).
    Removing stm32g4xx_hal_rcc.o(i.HAL_RCC_CSSCallback), (2 bytes).
    Removing stm32g4xx_hal_rcc.o(i.HAL_RCC_DeInit), (184 bytes).
    Removing stm32g4xx_hal_rcc.o(i.HAL_RCC_DisableLSECSS), (20 bytes).
    Removing stm32g4xx_hal_rcc.o(i.HAL_RCC_EnableCSS), (16 bytes).
    Removing stm32g4xx_hal_rcc.o(i.HAL_RCC_EnableLSECSS), (20 bytes).
    Removing stm32g4xx_hal_rcc.o(i.HAL_RCC_GetClockConfig), (64 bytes).
    Removing stm32g4xx_hal_rcc.o(i.HAL_RCC_GetHCLKFreq), (12 bytes).
    Removing stm32g4xx_hal_rcc.o(i.HAL_RCC_GetOscConfig), (200 bytes).
    Removing stm32g4xx_hal_rcc.o(i.HAL_RCC_GetPCLK1Freq), (36 bytes).
    Removing stm32g4xx_hal_rcc.o(i.HAL_RCC_GetPCLK2Freq), (36 bytes).
    Removing stm32g4xx_hal_rcc.o(i.HAL_RCC_MCOConfig), (96 bytes).
    Removing stm32g4xx_hal_rcc.o(i.HAL_RCC_NMI_IRQHandler), (24 bytes).
    Removing stm32g4xx_hal_rcc_ex.o(.rev16_text), (4 bytes).
    Removing stm32g4xx_hal_rcc_ex.o(.revsh_text), (4 bytes).
    Removing stm32g4xx_hal_rcc_ex.o(.rrx_text), (6 bytes).
    Removing stm32g4xx_hal_rcc_ex.o(i.HAL_RCCEx_CRSConfig), (76 bytes).
    Removing stm32g4xx_hal_rcc_ex.o(i.HAL_RCCEx_CRSGetSynchronizationInfo), (36 bytes).
    Removing stm32g4xx_hal_rcc_ex.o(i.HAL_RCCEx_CRSSoftwareSynchronizationGenerate), (16 bytes).
    Removing stm32g4xx_hal_rcc_ex.o(i.HAL_RCCEx_CRSWaitSynchronization), (132 bytes).
    Removing stm32g4xx_hal_rcc_ex.o(i.HAL_RCCEx_CRS_ErrorCallback), (2 bytes).
    Removing stm32g4xx_hal_rcc_ex.o(i.HAL_RCCEx_CRS_ExpectedSyncCallback), (2 bytes).
    Removing stm32g4xx_hal_rcc_ex.o(i.HAL_RCCEx_CRS_IRQHandler), (108 bytes).
    Removing stm32g4xx_hal_rcc_ex.o(i.HAL_RCCEx_CRS_SyncOkCallback), (2 bytes).
    Removing stm32g4xx_hal_rcc_ex.o(i.HAL_RCCEx_CRS_SyncWarnCallback), (2 bytes).
    Removing stm32g4xx_hal_rcc_ex.o(i.HAL_RCCEx_DisableLSCO), (88 bytes).
    Removing stm32g4xx_hal_rcc_ex.o(i.HAL_RCCEx_DisableLSECSS), (28 bytes).
    Removing stm32g4xx_hal_rcc_ex.o(i.HAL_RCCEx_EnableLSCO), (140 bytes).
    Removing stm32g4xx_hal_rcc_ex.o(i.HAL_RCCEx_EnableLSECSS), (20 bytes).
    Removing stm32g4xx_hal_rcc_ex.o(i.HAL_RCCEx_EnableLSECSS_IT), (56 bytes).
    Removing stm32g4xx_hal_rcc_ex.o(i.HAL_RCCEx_GetPeriphCLKConfig), (148 bytes).
    Removing stm32g4xx_hal_rcc_ex.o(i.HAL_RCCEx_GetPeriphCLKFreq), (860 bytes).
    Removing stm32g4xx_hal_rcc_ex.o(i.HAL_RCCEx_LSECSS_Callback), (2 bytes).
    Removing stm32g4xx_hal_rcc_ex.o(i.HAL_RCCEx_LSECSS_IRQHandler), (24 bytes).
    Removing stm32g4xx_hal_rcc_ex.o(i.HAL_RCCEx_PeriphCLKConfig), (648 bytes).
    Removing stm32g4xx_hal_flash.o(.rev16_text), (4 bytes).
    Removing stm32g4xx_hal_flash.o(.revsh_text), (4 bytes).
    Removing stm32g4xx_hal_flash.o(.rrx_text), (6 bytes).
    Removing stm32g4xx_hal_flash.o(i.FLASH_Program_DoubleWord), (28 bytes).
    Removing stm32g4xx_hal_flash.o(i.FLASH_Program_Fast), (44 bytes).
    Removing stm32g4xx_hal_flash.o(i.FLASH_WaitForLastOperation), (96 bytes).
    Removing stm32g4xx_hal_flash.o(i.HAL_FLASH_EndOfOperationCallback), (2 bytes).
    Removing stm32g4xx_hal_flash.o(i.HAL_FLASH_GetError), (12 bytes).
    Removing stm32g4xx_hal_flash.o(i.HAL_FLASH_IRQHandler), (228 bytes).
    Removing stm32g4xx_hal_flash.o(i.HAL_FLASH_Lock), (28 bytes).
    Removing stm32g4xx_hal_flash.o(i.HAL_FLASH_OB_Launch), (24 bytes).
    Removing stm32g4xx_hal_flash.o(i.HAL_FLASH_OB_Lock), (28 bytes).
    Removing stm32g4xx_hal_flash.o(i.HAL_FLASH_OB_Unlock), (40 bytes).
    Removing stm32g4xx_hal_flash.o(i.HAL_FLASH_OperationErrorCallback), (2 bytes).
    Removing stm32g4xx_hal_flash.o(i.HAL_FLASH_Program), (164 bytes).
    Removing stm32g4xx_hal_flash.o(i.HAL_FLASH_Program_IT), (144 bytes).
    Removing stm32g4xx_hal_flash.o(i.HAL_FLASH_Unlock), (40 bytes).
    Removing stm32g4xx_hal_flash.o(.data), (32 bytes).
    Removing stm32g4xx_hal_flash_ex.o(.rev16_text), (4 bytes).
    Removing stm32g4xx_hal_flash_ex.o(.revsh_text), (4 bytes).
    Removing stm32g4xx_hal_flash_ex.o(.rrx_text), (6 bytes).
    Removing stm32g4xx_hal_flash_ex.o(i.FLASH_FlushCaches), (92 bytes).
    Removing stm32g4xx_hal_flash_ex.o(i.FLASH_MassErase), (28 bytes).
    Removing stm32g4xx_hal_flash_ex.o(i.FLASH_OB_UserConfig), (272 bytes).
    Removing stm32g4xx_hal_flash_ex.o(i.FLASH_PageErase), (40 bytes).
    Removing stm32g4xx_hal_flash_ex.o(i.HAL_FLASHEx_DisableDebugger), (16 bytes).
    Removing stm32g4xx_hal_flash_ex.o(i.HAL_FLASHEx_EnableDebugger), (16 bytes).
    Removing stm32g4xx_hal_flash_ex.o(i.HAL_FLASHEx_EnableSecMemProtection), (20 bytes).
    Removing stm32g4xx_hal_flash_ex.o(i.HAL_FLASHEx_Erase), (212 bytes).
    Removing stm32g4xx_hal_flash_ex.o(i.HAL_FLASHEx_Erase_IT), (140 bytes).
    Removing stm32g4xx_hal_flash_ex.o(i.HAL_FLASHEx_OBGetConfig), (176 bytes).
    Removing stm32g4xx_hal_flash_ex.o(i.HAL_FLASHEx_OBProgram), (388 bytes).
    Removing stm32g4xx_hal_flash_ramfunc.o(.rev16_text), (4 bytes).
    Removing stm32g4xx_hal_flash_ramfunc.o(.revsh_text), (4 bytes).
    Removing stm32g4xx_hal_flash_ramfunc.o(.rrx_text), (6 bytes).
    Removing stm32g4xx_hal_flash_ramfunc.o(i.HAL_FLASHEx_DisableRunPowerDown), (36 bytes).
    Removing stm32g4xx_hal_flash_ramfunc.o(i.HAL_FLASHEx_EnableRunPowerDown), (36 bytes).
    Removing stm32g4xx_hal_gpio.o(.rev16_text), (4 bytes).
    Removing stm32g4xx_hal_gpio.o(.revsh_text), (4 bytes).
    Removing stm32g4xx_hal_gpio.o(.rrx_text), (6 bytes).
    Removing stm32g4xx_hal_gpio.o(i.HAL_GPIO_DeInit), (336 bytes).
    Removing stm32g4xx_hal_gpio.o(i.HAL_GPIO_EXTI_Callback), (2 bytes).
    Removing stm32g4xx_hal_gpio.o(i.HAL_GPIO_EXTI_IRQHandler), (24 bytes).
    Removing stm32g4xx_hal_gpio.o(i.HAL_GPIO_LockPin), (34 bytes).
    Removing stm32g4xx_hal_exti.o(.rev16_text), (4 bytes).
    Removing stm32g4xx_hal_exti.o(.revsh_text), (4 bytes).
    Removing stm32g4xx_hal_exti.o(.rrx_text), (6 bytes).
    Removing stm32g4xx_hal_exti.o(i.HAL_EXTI_ClearConfigLine), (128 bytes).
    Removing stm32g4xx_hal_exti.o(i.HAL_EXTI_ClearPending), (28 bytes).
    Removing stm32g4xx_hal_exti.o(i.HAL_EXTI_GenerateSWI), (28 bytes).
    Removing stm32g4xx_hal_exti.o(i.HAL_EXTI_GetConfigLine), (160 bytes).
    Removing stm32g4xx_hal_exti.o(i.HAL_EXTI_GetHandle), (12 bytes).
    Removing stm32g4xx_hal_exti.o(i.HAL_EXTI_GetPending), (32 bytes).
    Removing stm32g4xx_hal_exti.o(i.HAL_EXTI_IRQHandler), (44 bytes).
    Removing stm32g4xx_hal_exti.o(i.HAL_EXTI_RegisterCallback), (16 bytes).
    Removing stm32g4xx_hal_exti.o(i.HAL_EXTI_SetConfigLine), (176 bytes).
    Removing stm32g4xx_hal_dma.o(.rev16_text), (4 bytes).
    Removing stm32g4xx_hal_dma.o(.revsh_text), (4 bytes).
    Removing stm32g4xx_hal_dma.o(.rrx_text), (6 bytes).
    Removing stm32g4xx_hal_dma.o(i.DMA_CalcDMAMUXChannelBaseAndMask), (64 bytes).
    Removing stm32g4xx_hal_dma.o(i.DMA_CalcDMAMUXRequestGenBaseAndMask), (36 bytes).
    Removing stm32g4xx_hal_dma.o(i.DMA_SetConfig), (62 bytes).
    Removing stm32g4xx_hal_dma.o(i.HAL_DMA_Abort), (106 bytes).
    Removing stm32g4xx_hal_dma.o(i.HAL_DMA_Abort_IT), (120 bytes).
    Removing stm32g4xx_hal_dma.o(i.HAL_DMA_DeInit), (168 bytes).
    Removing stm32g4xx_hal_dma.o(i.HAL_DMA_GetError), (4 bytes).
    Removing stm32g4xx_hal_dma.o(i.HAL_DMA_GetState), (6 bytes).
    Removing stm32g4xx_hal_dma.o(i.HAL_DMA_IRQHandler), (186 bytes).
    Removing stm32g4xx_hal_dma.o(i.HAL_DMA_Init), (192 bytes).
    Removing stm32g4xx_hal_dma.o(i.HAL_DMA_PollForTransfer), (274 bytes).
    Removing stm32g4xx_hal_dma.o(i.HAL_DMA_RegisterCallback), (74 bytes).
    Removing stm32g4xx_hal_dma.o(i.HAL_DMA_Start), (80 bytes).
    Removing stm32g4xx_hal_dma.o(i.HAL_DMA_Start_IT), (140 bytes).
    Removing stm32g4xx_hal_dma.o(i.HAL_DMA_UnRegisterCallback), (82 bytes).
    Removing stm32g4xx_hal_dma_ex.o(.rev16_text), (4 bytes).
    Removing stm32g4xx_hal_dma_ex.o(.revsh_text), (4 bytes).
    Removing stm32g4xx_hal_dma_ex.o(.rrx_text), (6 bytes).
    Removing stm32g4xx_hal_dma_ex.o(i.HAL_DMAEx_ConfigMuxRequestGenerator), (76 bytes).
    Removing stm32g4xx_hal_dma_ex.o(i.HAL_DMAEx_ConfigMuxSync), (84 bytes).
    Removing stm32g4xx_hal_dma_ex.o(i.HAL_DMAEx_DisableMuxRequestGenerator), (26 bytes).
    Removing stm32g4xx_hal_dma_ex.o(i.HAL_DMAEx_EnableMuxRequestGenerator), (26 bytes).
    Removing stm32g4xx_hal_dma_ex.o(i.HAL_DMAEx_MUX_IRQHandler), (100 bytes).
    Removing stm32g4xx_hal_pwr.o(.rev16_text), (4 bytes).
    Removing stm32g4xx_hal_pwr.o(.revsh_text), (4 bytes).
    Removing stm32g4xx_hal_pwr.o(.rrx_text), (6 bytes).
    Removing stm32g4xx_hal_pwr.o(i.HAL_PWR_ConfigPVD), (128 bytes).
    Removing stm32g4xx_hal_pwr.o(i.HAL_PWR_DeInit), (24 bytes).
    Removing stm32g4xx_hal_pwr.o(i.HAL_PWR_DisableBkUpAccess), (16 bytes).
    Removing stm32g4xx_hal_pwr.o(i.HAL_PWR_DisablePVD), (16 bytes).
    Removing stm32g4xx_hal_pwr.o(i.HAL_PWR_DisableSEVOnPend), (16 bytes).
    Removing stm32g4xx_hal_pwr.o(i.HAL_PWR_DisableSleepOnExit), (16 bytes).
    Removing stm32g4xx_hal_pwr.o(i.HAL_PWR_DisableWakeUpPin), (20 bytes).
    Removing stm32g4xx_hal_pwr.o(i.HAL_PWR_EnableBkUpAccess), (16 bytes).
    Removing stm32g4xx_hal_pwr.o(i.HAL_PWR_EnablePVD), (16 bytes).
    Removing stm32g4xx_hal_pwr.o(i.HAL_PWR_EnableSEVOnPend), (16 bytes).
    Removing stm32g4xx_hal_pwr.o(i.HAL_PWR_EnableSleepOnExit), (16 bytes).
    Removing stm32g4xx_hal_pwr.o(i.HAL_PWR_EnableWakeUpPin), (28 bytes).
    Removing stm32g4xx_hal_pwr.o(i.HAL_PWR_EnterSLEEPMode), (68 bytes).
    Removing stm32g4xx_hal_pwr.o(i.HAL_PWR_EnterSTANDBYMode), (36 bytes).
    Removing stm32g4xx_hal_pwr.o(i.HAL_PWR_EnterSTOPMode), (16 bytes).
    Removing stm32g4xx_hal_pwr.o(i.HAL_PWR_PVDCallback), (2 bytes).
    Removing stm32g4xx_hal_cortex.o(.rev16_text), (4 bytes).
    Removing stm32g4xx_hal_cortex.o(.revsh_text), (4 bytes).
    Removing stm32g4xx_hal_cortex.o(.rrx_text), (6 bytes).
    Removing stm32g4xx_hal_cortex.o(i.HAL_MPU_ConfigRegion), (84 bytes).
    Removing stm32g4xx_hal_cortex.o(i.HAL_MPU_Disable), (16 bytes).
    Removing stm32g4xx_hal_cortex.o(i.HAL_MPU_DisableRegion), (24 bytes).
    Removing stm32g4xx_hal_cortex.o(i.HAL_MPU_Enable), (24 bytes).
    Removing stm32g4xx_hal_cortex.o(i.HAL_MPU_EnableRegion), (24 bytes).
    Removing stm32g4xx_hal_cortex.o(i.HAL_NVIC_ClearPendingIRQ), (26 bytes).
    Removing stm32g4xx_hal_cortex.o(i.HAL_NVIC_DisableIRQ), (34 bytes).
    Removing stm32g4xx_hal_cortex.o(i.HAL_NVIC_GetActive), (36 bytes).
    Removing stm32g4xx_hal_cortex.o(i.HAL_NVIC_GetPendingIRQ), (36 bytes).
    Removing stm32g4xx_hal_cortex.o(i.HAL_NVIC_GetPriority), (82 bytes).
    Removing stm32g4xx_hal_cortex.o(i.HAL_NVIC_GetPriorityGrouping), (16 bytes).
    Removing stm32g4xx_hal_cortex.o(i.HAL_NVIC_SetPendingIRQ), (26 bytes).
    Removing stm32g4xx_hal_cortex.o(i.HAL_NVIC_SystemReset), (36 bytes).
    Removing stm32g4xx_hal_cortex.o(i.HAL_SYSTICK_CLKSourceConfig), (24 bytes).
    Removing stm32g4xx_hal_cortex.o(i.HAL_SYSTICK_Callback), (2 bytes).
    Removing stm32g4xx_hal_cortex.o(i.HAL_SYSTICK_IRQHandler), (8 bytes).
    Removing system_stm32g4xx.o(.rev16_text), (4 bytes).
    Removing system_stm32g4xx.o(.revsh_text), (4 bytes).
    Removing system_stm32g4xx.o(.rrx_text), (6 bytes).
    Removing system_stm32g4xx.o(i.SystemCoreClockUpdate), (128 bytes).
    Removing system_stm32g4xx.o(.constdata), (8 bytes).
    Removing multi_button.o(i.button_stop), (32 bytes).
    Removing multi_button.o(i.get_button_event), (6 bytes).

435 unused section(s) (total 31788 bytes) removed from the image.

==============================================================================

Image Symbol Table

    Local Symbols

    Symbol Name                              Value     Ov Type        Size  Object(Section)

    ../Core/Src/gpio.c                       0x00000000   Number         0  gpio.o ABSOLUTE
    ../Core/Src/main.c                       0x00000000   Number         0  main.o ABSOLUTE
    ../Core/Src/stm32g4xx_hal_msp.c          0x00000000   Number         0  stm32g4xx_hal_msp.o ABSOLUTE
    ../Core/Src/stm32g4xx_it.c               0x00000000   Number         0  stm32g4xx_it.o ABSOLUTE
    ../Core/Src/system_stm32g4xx.c           0x00000000   Number         0  system_stm32g4xx.o ABSOLUTE
    ../Core/Src/tim.c                        0x00000000   Number         0  tim.o ABSOLUTE
    ../Drivers/STM32G4xx_HAL_Driver/Src/stm32g4xx_hal.c 0x00000000   Number         0  stm32g4xx_hal.o ABSOLUTE
    ../Drivers/STM32G4xx_HAL_Driver/Src/stm32g4xx_hal_cortex.c 0x00000000   Number         0  stm32g4xx_hal_cortex.o ABSOLUTE
    ../Drivers/STM32G4xx_HAL_Driver/Src/stm32g4xx_hal_dma.c 0x00000000   Number         0  stm32g4xx_hal_dma.o ABSOLUTE
    ../Drivers/STM32G4xx_HAL_Driver/Src/stm32g4xx_hal_dma_ex.c 0x00000000   Number         0  stm32g4xx_hal_dma_ex.o ABSOLUTE
    ../Drivers/STM32G4xx_HAL_Driver/Src/stm32g4xx_hal_exti.c 0x00000000   Number         0  stm32g4xx_hal_exti.o ABSOLUTE
    ../Drivers/STM32G4xx_HAL_Driver/Src/stm32g4xx_hal_flash.c 0x00000000   Number         0  stm32g4xx_hal_flash.o ABSOLUTE
    ../Drivers/STM32G4xx_HAL_Driver/Src/stm32g4xx_hal_flash_ex.c 0x00000000   Number         0  stm32g4xx_hal_flash_ex.o ABSOLUTE
    ../Drivers/STM32G4xx_HAL_Driver/Src/stm32g4xx_hal_flash_ramfunc.c 0x00000000   Number         0  stm32g4xx_hal_flash_ramfunc.o ABSOLUTE
    ../Drivers/STM32G4xx_HAL_Driver/Src/stm32g4xx_hal_gpio.c 0x00000000   Number         0  stm32g4xx_hal_gpio.o ABSOLUTE
    ../Drivers/STM32G4xx_HAL_Driver/Src/stm32g4xx_hal_pwr.c 0x00000000   Number         0  stm32g4xx_hal_pwr.o ABSOLUTE
    ../Drivers/STM32G4xx_HAL_Driver/Src/stm32g4xx_hal_pwr_ex.c 0x00000000   Number         0  stm32g4xx_hal_pwr_ex.o ABSOLUTE
    ../Drivers/STM32G4xx_HAL_Driver/Src/stm32g4xx_hal_rcc.c 0x00000000   Number         0  stm32g4xx_hal_rcc.o ABSOLUTE
    ../Drivers/STM32G4xx_HAL_Driver/Src/stm32g4xx_hal_rcc_ex.c 0x00000000   Number         0  stm32g4xx_hal_rcc_ex.o ABSOLUTE
    ../Drivers/STM32G4xx_HAL_Driver/Src/stm32g4xx_hal_tim.c 0x00000000   Number         0  stm32g4xx_hal_tim.o ABSOLUTE
    ../Drivers/STM32G4xx_HAL_Driver/Src/stm32g4xx_hal_tim_ex.c 0x00000000   Number         0  stm32g4xx_hal_tim_ex.o ABSOLUTE
    ../clib/microlib/init/entry.s            0x00000000   Number         0  entry2.o ABSOLUTE
    ../clib/microlib/init/entry.s            0x00000000   Number         0  entry.o ABSOLUTE
    ../clib/microlib/init/entry.s            0x00000000   Number         0  entry8b.o ABSOLUTE
    ../clib/microlib/init/entry.s            0x00000000   Number         0  entry12b.o ABSOLUTE
    ../clib/microlib/init/entry.s            0x00000000   Number         0  entry9b.o ABSOLUTE
    ../clib/microlib/init/entry.s            0x00000000   Number         0  entry12a.o ABSOLUTE
    ../clib/microlib/init/entry.s            0x00000000   Number         0  entry11b.o ABSOLUTE
    ../clib/microlib/init/entry.s            0x00000000   Number         0  entry11a.o ABSOLUTE
    ../clib/microlib/init/entry.s            0x00000000   Number         0  entry10b.o ABSOLUTE
    ../clib/microlib/init/entry.s            0x00000000   Number         0  entry10a.o ABSOLUTE
    ../clib/microlib/init/entry.s            0x00000000   Number         0  entry5.o ABSOLUTE
    ../clib/microlib/init/entry.s            0x00000000   Number         0  entry9a.o ABSOLUTE
    ../clib/microlib/init/entry.s            0x00000000   Number         0  entry8a.o ABSOLUTE
    ../clib/microlib/init/entry.s            0x00000000   Number         0  entry7b.o ABSOLUTE
    ../clib/microlib/init/entry.s            0x00000000   Number         0  entry7a.o ABSOLUTE
    ../clib/microlib/string/memset.c         0x00000000   Number         0  memseta.o ABSOLUTE
    ..\Core\Src\gpio.c                       0x00000000   Number         0  gpio.o ABSOLUTE
    ..\Core\Src\main.c                       0x00000000   Number         0  main.o ABSOLUTE
    ..\Core\Src\stm32g4xx_hal_msp.c          0x00000000   Number         0  stm32g4xx_hal_msp.o ABSOLUTE
    ..\Core\Src\stm32g4xx_it.c               0x00000000   Number         0  stm32g4xx_it.o ABSOLUTE
    ..\Core\Src\system_stm32g4xx.c           0x00000000   Number         0  system_stm32g4xx.o ABSOLUTE
    ..\Core\Src\tim.c                        0x00000000   Number         0  tim.o ABSOLUTE
    ..\Drivers\STM32G4xx_HAL_Driver\Src\stm32g4xx_hal.c 0x00000000   Number         0  stm32g4xx_hal.o ABSOLUTE
    ..\Drivers\STM32G4xx_HAL_Driver\Src\stm32g4xx_hal_cortex.c 0x00000000   Number         0  stm32g4xx_hal_cortex.o ABSOLUTE
    ..\Drivers\STM32G4xx_HAL_Driver\Src\stm32g4xx_hal_dma.c 0x00000000   Number         0  stm32g4xx_hal_dma.o ABSOLUTE
    ..\Drivers\STM32G4xx_HAL_Driver\Src\stm32g4xx_hal_dma_ex.c 0x00000000   Number         0  stm32g4xx_hal_dma_ex.o ABSOLUTE
    ..\Drivers\STM32G4xx_HAL_Driver\Src\stm32g4xx_hal_exti.c 0x00000000   Number         0  stm32g4xx_hal_exti.o ABSOLUTE
    ..\Drivers\STM32G4xx_HAL_Driver\Src\stm32g4xx_hal_flash.c 0x00000000   Number         0  stm32g4xx_hal_flash.o ABSOLUTE
    ..\Drivers\STM32G4xx_HAL_Driver\Src\stm32g4xx_hal_flash_ex.c 0x00000000   Number         0  stm32g4xx_hal_flash_ex.o ABSOLUTE
    ..\Drivers\STM32G4xx_HAL_Driver\Src\stm32g4xx_hal_flash_ramfunc.c 0x00000000   Number         0  stm32g4xx_hal_flash_ramfunc.o ABSOLUTE
    ..\Drivers\STM32G4xx_HAL_Driver\Src\stm32g4xx_hal_gpio.c 0x00000000   Number         0  stm32g4xx_hal_gpio.o ABSOLUTE
    ..\Drivers\STM32G4xx_HAL_Driver\Src\stm32g4xx_hal_pwr.c 0x00000000   Number         0  stm32g4xx_hal_pwr.o ABSOLUTE
    ..\Drivers\STM32G4xx_HAL_Driver\Src\stm32g4xx_hal_pwr_ex.c 0x00000000   Number         0  stm32g4xx_hal_pwr_ex.o ABSOLUTE
    ..\Drivers\STM32G4xx_HAL_Driver\Src\stm32g4xx_hal_rcc.c 0x00000000   Number         0  stm32g4xx_hal_rcc.o ABSOLUTE
    ..\Drivers\STM32G4xx_HAL_Driver\Src\stm32g4xx_hal_rcc_ex.c 0x00000000   Number         0  stm32g4xx_hal_rcc_ex.o ABSOLUTE
    ..\Drivers\STM32G4xx_HAL_Driver\Src\stm32g4xx_hal_tim.c 0x00000000   Number         0  stm32g4xx_hal_tim.o ABSOLUTE
    ..\Drivers\STM32G4xx_HAL_Driver\Src\stm32g4xx_hal_tim_ex.c 0x00000000   Number         0  stm32g4xx_hal_tim_ex.o ABSOLUTE
    ..\USER\BSP\MUL_BTN\multi_button.c       0x00000000   Number         0  multi_button.o ABSOLUTE
    dc.s                                     0x00000000   Number         0  dc.o ABSOLUTE
    handlers.s                               0x00000000   Number         0  handlers.o ABSOLUTE
    init.s                                   0x00000000   Number         0  init.o ABSOLUTE
    startup_stm32g431xx.s                    0x00000000   Number         0  startup_stm32g431xx.o ABSOLUTE
    RESET                                    0x08000000   Section      472  startup_stm32g431xx.o(RESET)
    .ARM.Collect$$$$00000000                 0x080001d8   Section        0  entry.o(.ARM.Collect$$$$00000000)
    .ARM.Collect$$$$00000001                 0x080001d8   Section        4  entry2.o(.ARM.Collect$$$$00000001)
    .ARM.Collect$$$$00000004                 0x080001dc   Section        4  entry5.o(.ARM.Collect$$$$00000004)
    .ARM.Collect$$$$00000008                 0x080001e0   Section        0  entry7b.o(.ARM.Collect$$$$00000008)
    .ARM.Collect$$$$0000000A                 0x080001e0   Section        0  entry8b.o(.ARM.Collect$$$$0000000A)
    .ARM.Collect$$$$0000000B                 0x080001e0   Section        8  entry9a.o(.ARM.Collect$$$$0000000B)
    .ARM.Collect$$$$0000000E                 0x080001e8   Section        4  entry12b.o(.ARM.Collect$$$$0000000E)
    .ARM.Collect$$$$0000000F                 0x080001ec   Section        0  entry10a.o(.ARM.Collect$$$$0000000F)
    .ARM.Collect$$$$00000011                 0x080001ec   Section        0  entry11a.o(.ARM.Collect$$$$00000011)
    .ARM.Collect$$$$00002712                 0x080001ec   Section        4  entry2.o(.ARM.Collect$$$$00002712)
    __lit__00000000                          0x080001ec   Data           4  entry2.o(.ARM.Collect$$$$00002712)
    .text                                    0x080001f0   Section       36  startup_stm32g431xx.o(.text)
    $v0                                      0x080001f0   Number         0  startup_stm32g431xx.o(.text)
    .text                                    0x08000214   Section        0  memseta.o(.text)
    .text                                    0x08000238   Section       36  init.o(.text)
    i.BTN1_PRESS_DOWN_Handler                0x0800025c   Section        0  main.o(i.BTN1_PRESS_DOWN_Handler)
    i.BTN1_PRESS_UP_Handler                  0x08000274   Section        0  main.o(i.BTN1_PRESS_UP_Handler)
    i.BusFault_Handler                       0x0800028c   Section        0  stm32g4xx_it.o(i.BusFault_Handler)
    i.DebugMon_Handler                       0x0800028e   Section        0  stm32g4xx_it.o(i.DebugMon_Handler)
    i.Error_Handler                          0x08000290   Section        0  main.o(i.Error_Handler)
    i.HAL_GPIO_Init                          0x08000294   Section        0  stm32g4xx_hal_gpio.o(i.HAL_GPIO_Init)
    i.HAL_GPIO_ReadPin                       0x080004dc   Section        0  stm32g4xx_hal_gpio.o(i.HAL_GPIO_ReadPin)
    i.HAL_GPIO_TogglePin                     0x080004e6   Section        0  stm32g4xx_hal_gpio.o(i.HAL_GPIO_TogglePin)
    i.HAL_GPIO_WritePin                      0x080004f6   Section        0  stm32g4xx_hal_gpio.o(i.HAL_GPIO_WritePin)
    i.HAL_GetTick                            0x08000500   Section        0  stm32g4xx_hal.o(i.HAL_GetTick)
    i.HAL_IncTick                            0x0800050c   Section        0  stm32g4xx_hal.o(i.HAL_IncTick)
    i.HAL_Init                               0x0800051c   Section        0  stm32g4xx_hal.o(i.HAL_Init)
    i.HAL_InitTick                           0x0800053c   Section        0  stm32g4xx_hal.o(i.HAL_InitTick)
    i.HAL_MspInit                            0x08000580   Section        0  stm32g4xx_hal_msp.o(i.HAL_MspInit)
    i.HAL_NVIC_EnableIRQ                     0x080005b0   Section        0  stm32g4xx_hal_cortex.o(i.HAL_NVIC_EnableIRQ)
    i.HAL_NVIC_SetPriority                   0x080005cc   Section        0  stm32g4xx_hal_cortex.o(i.HAL_NVIC_SetPriority)
    i.HAL_NVIC_SetPriorityGrouping           0x0800060c   Section        0  stm32g4xx_hal_cortex.o(i.HAL_NVIC_SetPriorityGrouping)
    i.HAL_PWREx_ControlVoltageScaling        0x08000630   Section        0  stm32g4xx_hal_pwr_ex.o(i.HAL_PWREx_ControlVoltageScaling)
    i.HAL_PWREx_DisableUCPDDeadBattery       0x080006ec   Section        0  stm32g4xx_hal_pwr_ex.o(i.HAL_PWREx_DisableUCPDDeadBattery)
    i.HAL_RCC_ClockConfig                    0x080006fc   Section        0  stm32g4xx_hal_rcc.o(i.HAL_RCC_ClockConfig)
    i.HAL_RCC_GetSysClockFreq                0x080008d8   Section        0  stm32g4xx_hal_rcc.o(i.HAL_RCC_GetSysClockFreq)
    i.HAL_RCC_OscConfig                      0x08000948   Section        0  stm32g4xx_hal_rcc.o(i.HAL_RCC_OscConfig)
    i.HAL_SYSTICK_Config                     0x08000d4c   Section        0  stm32g4xx_hal_cortex.o(i.HAL_SYSTICK_Config)
    i.HAL_TIMEx_Break2Callback               0x08000d74   Section        0  stm32g4xx_hal_tim_ex.o(i.HAL_TIMEx_Break2Callback)
    i.HAL_TIMEx_BreakCallback                0x08000d76   Section        0  stm32g4xx_hal_tim_ex.o(i.HAL_TIMEx_BreakCallback)
    i.HAL_TIMEx_CommutCallback               0x08000d78   Section        0  stm32g4xx_hal_tim_ex.o(i.HAL_TIMEx_CommutCallback)
    i.HAL_TIMEx_DirectionChangeCallback      0x08000d7a   Section        0  stm32g4xx_hal_tim_ex.o(i.HAL_TIMEx_DirectionChangeCallback)
    i.HAL_TIMEx_EncoderIndexCallback         0x08000d7c   Section        0  stm32g4xx_hal_tim_ex.o(i.HAL_TIMEx_EncoderIndexCallback)
    i.HAL_TIMEx_IndexErrorCallback           0x08000d7e   Section        0  stm32g4xx_hal_tim_ex.o(i.HAL_TIMEx_IndexErrorCallback)
    i.HAL_TIMEx_TransitionErrorCallback      0x08000d80   Section        0  stm32g4xx_hal_tim_ex.o(i.HAL_TIMEx_TransitionErrorCallback)
    i.HAL_TIM_Base_Init                      0x08000d82   Section        0  stm32g4xx_hal_tim.o(i.HAL_TIM_Base_Init)
    i.HAL_TIM_Base_MspInit                   0x08000de4   Section        0  tim.o(i.HAL_TIM_Base_MspInit)
    i.HAL_TIM_Base_Start_IT                  0x08000e20   Section        0  stm32g4xx_hal_tim.o(i.HAL_TIM_Base_Start_IT)
    i.HAL_TIM_IC_CaptureCallback             0x08000e98   Section        0  stm32g4xx_hal_tim.o(i.HAL_TIM_IC_CaptureCallback)
    i.HAL_TIM_IRQHandler                     0x08000e9a   Section        0  stm32g4xx_hal_tim.o(i.HAL_TIM_IRQHandler)
    i.HAL_TIM_OC_DelayElapsedCallback        0x0800103c   Section        0  stm32g4xx_hal_tim.o(i.HAL_TIM_OC_DelayElapsedCallback)
    i.HAL_TIM_PWM_PulseFinishedCallback      0x0800103e   Section        0  stm32g4xx_hal_tim.o(i.HAL_TIM_PWM_PulseFinishedCallback)
    i.HAL_TIM_PeriodElapsedCallback          0x08001040   Section        0  main.o(i.HAL_TIM_PeriodElapsedCallback)
    i.HAL_TIM_TriggerCallback                0x08001054   Section        0  stm32g4xx_hal_tim.o(i.HAL_TIM_TriggerCallback)
    i.HardFault_Handler                      0x08001056   Section        0  stm32g4xx_it.o(i.HardFault_Handler)
    i.MX_GPIO_Init                           0x08001058   Section        0  gpio.o(i.MX_GPIO_Init)
    i.MX_TIM17_Init                          0x080010d8   Section        0  tim.o(i.MX_TIM17_Init)
    i.MemManage_Handler                      0x08001110   Section        0  stm32g4xx_it.o(i.MemManage_Handler)
    i.NMI_Handler                            0x08001112   Section        0  stm32g4xx_it.o(i.NMI_Handler)
    i.PendSV_Handler                         0x08001114   Section        0  stm32g4xx_it.o(i.PendSV_Handler)
    i.SVC_Handler                            0x08001116   Section        0  stm32g4xx_it.o(i.SVC_Handler)
    i.SysTick_Handler                        0x08001118   Section        0  stm32g4xx_it.o(i.SysTick_Handler)
    i.SystemClock_Config                     0x0800111c   Section        0  main.o(i.SystemClock_Config)
    i.SystemInit                             0x08001184   Section        0  system_stm32g4xx.o(i.SystemInit)
    i.TIM1_TRG_COM_TIM17_IRQHandler          0x08001194   Section        0  stm32g4xx_it.o(i.TIM1_TRG_COM_TIM17_IRQHandler)
    i.TIM_Base_SetConfig                     0x080011a0   Section        0  stm32g4xx_hal_tim.o(i.TIM_Base_SetConfig)
    i.UsageFault_Handler                     0x0800125c   Section        0  stm32g4xx_it.o(i.UsageFault_Handler)
    i.__NVIC_SetPriority                     0x0800125e   Section        0  stm32g4xx_hal_cortex.o(i.__NVIC_SetPriority)
    __NVIC_SetPriority                       0x0800125f   Thumb Code    32  stm32g4xx_hal_cortex.o(i.__NVIC_SetPriority)
    i.__scatterload_copy                     0x0800127e   Section       14  handlers.o(i.__scatterload_copy)
    i.__scatterload_null                     0x0800128c   Section        2  handlers.o(i.__scatterload_null)
    i.__scatterload_zeroinit                 0x0800128e   Section       14  handlers.o(i.__scatterload_zeroinit)
    i.button_attach                          0x0800129c   Section        0  multi_button.o(i.button_attach)
    i.button_handler                         0x080012a4   Section        0  multi_button.o(i.button_handler)
    button_handler                           0x080012a5   Thumb Code   442  multi_button.o(i.button_handler)
    i.button_init                            0x08001460   Section        0  multi_button.o(i.button_init)
    i.button_start                           0x0800149c   Section        0  multi_button.o(i.button_start)
    i.button_ticks                           0x080014c0   Section        0  multi_button.o(i.button_ticks)
    i.main                                   0x080014dc   Section        0  main.o(i.main)
    i.read_button_GPIO                       0x08001544   Section        0  main.o(i.read_button_GPIO)
    .constdata                               0x08001564   Section       16  system_stm32g4xx.o(.constdata)
    .data                                    0x20000000   Section        1  main.o(.data)
    .data                                    0x20000004   Section       12  stm32g4xx_hal.o(.data)
    .data                                    0x20000010   Section        4  system_stm32g4xx.o(.data)
    .data                                    0x20000014   Section        4  multi_button.o(.data)
    head_handle                              0x20000014   Data           4  multi_button.o(.data)
    .bss                                     0x20000018   Section       88  main.o(.bss)
    .bss                                     0x20000070   Section       76  tim.o(.bss)
    STACK                                    0x200000c0   Section     1024  startup_stm32g431xx.o(STACK)

    Global Symbols

    Symbol Name                              Value     Ov Type        Size  Object(Section)

    BuildAttributes$$THM_ISAv4$E$P$D$K$B$S$7EM$VFPi3$EXTD16$VFPS$VFMA$PE$A:L22UL41UL21$X:L11$S22US41US21$IEEE1$IW$USESV6$~STKCKD$USESV7$~SHL$OSPACE$EBA8$MICROLIB$REQ8$PRES8$EABIv2 0x00000000   Number         0  anon$$obj.o ABSOLUTE
    __ARM_use_no_argv                        0x00000000   Number         0  main.o ABSOLUTE
    __arm_fini_                               - Undefined Weak Reference
    __cpp_initialize__aeabi_                  - Undefined Weak Reference
    __cxa_finalize                            - Undefined Weak Reference
    __decompress                              - Undefined Weak Reference
    _clock_init                               - Undefined Weak Reference
    _microlib_exit                            - Undefined Weak Reference
    __Vectors_Size                           0x000001d8   Number         0  startup_stm32g431xx.o ABSOLUTE
    __Vectors                                0x08000000   Data           4  startup_stm32g431xx.o(RESET)
    __Vectors_End                            0x080001d8   Data           0  startup_stm32g431xx.o(RESET)
    __main                                   0x080001d9   Thumb Code     0  entry.o(.ARM.Collect$$$$00000000)
    _main_stk                                0x080001d9   Thumb Code     0  entry2.o(.ARM.Collect$$$$00000001)
    _main_scatterload                        0x080001dd   Thumb Code     0  entry5.o(.ARM.Collect$$$$00000004)
    __main_after_scatterload                 0x080001e1   Thumb Code     0  entry5.o(.ARM.Collect$$$$00000004)
    _main_clock                              0x080001e1   Thumb Code     0  entry7b.o(.ARM.Collect$$$$00000008)
    _main_cpp_init                           0x080001e1   Thumb Code     0  entry8b.o(.ARM.Collect$$$$0000000A)
    _main_init                               0x080001e1   Thumb Code     0  entry9a.o(.ARM.Collect$$$$0000000B)
    __rt_lib_shutdown_fini                   0x080001e9   Thumb Code     0  entry12b.o(.ARM.Collect$$$$0000000E)
    __rt_final_cpp                           0x080001ed   Thumb Code     0  entry10a.o(.ARM.Collect$$$$0000000F)
    __rt_final_exit                          0x080001ed   Thumb Code     0  entry11a.o(.ARM.Collect$$$$00000011)
    Reset_Handler                            0x080001f1   Thumb Code     8  startup_stm32g431xx.o(.text)
    ADC1_2_IRQHandler                        0x0800020b   Thumb Code     0  startup_stm32g431xx.o(.text)
    COMP1_2_3_IRQHandler                     0x0800020b   Thumb Code     0  startup_stm32g431xx.o(.text)
    COMP4_IRQHandler                         0x0800020b   Thumb Code     0  startup_stm32g431xx.o(.text)
    CORDIC_IRQHandler                        0x0800020b   Thumb Code     0  startup_stm32g431xx.o(.text)
    CRS_IRQHandler                           0x0800020b   Thumb Code     0  startup_stm32g431xx.o(.text)
    DMA1_Channel1_IRQHandler                 0x0800020b   Thumb Code     0  startup_stm32g431xx.o(.text)
    DMA1_Channel2_IRQHandler                 0x0800020b   Thumb Code     0  startup_stm32g431xx.o(.text)
    DMA1_Channel3_IRQHandler                 0x0800020b   Thumb Code     0  startup_stm32g431xx.o(.text)
    DMA1_Channel4_IRQHandler                 0x0800020b   Thumb Code     0  startup_stm32g431xx.o(.text)
    DMA1_Channel5_IRQHandler                 0x0800020b   Thumb Code     0  startup_stm32g431xx.o(.text)
    DMA1_Channel6_IRQHandler                 0x0800020b   Thumb Code     0  startup_stm32g431xx.o(.text)
    DMA2_Channel1_IRQHandler                 0x0800020b   Thumb Code     0  startup_stm32g431xx.o(.text)
    DMA2_Channel2_IRQHandler                 0x0800020b   Thumb Code     0  startup_stm32g431xx.o(.text)
    DMA2_Channel3_IRQHandler                 0x0800020b   Thumb Code     0  startup_stm32g431xx.o(.text)
    DMA2_Channel4_IRQHandler                 0x0800020b   Thumb Code     0  startup_stm32g431xx.o(.text)
    DMA2_Channel5_IRQHandler                 0x0800020b   Thumb Code     0  startup_stm32g431xx.o(.text)
    DMA2_Channel6_IRQHandler                 0x0800020b   Thumb Code     0  startup_stm32g431xx.o(.text)
    DMAMUX_OVR_IRQHandler                    0x0800020b   Thumb Code     0  startup_stm32g431xx.o(.text)
    EXTI0_IRQHandler                         0x0800020b   Thumb Code     0  startup_stm32g431xx.o(.text)
    EXTI15_10_IRQHandler                     0x0800020b   Thumb Code     0  startup_stm32g431xx.o(.text)
    EXTI1_IRQHandler                         0x0800020b   Thumb Code     0  startup_stm32g431xx.o(.text)
    EXTI2_IRQHandler                         0x0800020b   Thumb Code     0  startup_stm32g431xx.o(.text)
    EXTI3_IRQHandler                         0x0800020b   Thumb Code     0  startup_stm32g431xx.o(.text)
    EXTI4_IRQHandler                         0x0800020b   Thumb Code     0  startup_stm32g431xx.o(.text)
    EXTI9_5_IRQHandler                       0x0800020b   Thumb Code     0  startup_stm32g431xx.o(.text)
    FDCAN1_IT0_IRQHandler                    0x0800020b   Thumb Code     0  startup_stm32g431xx.o(.text)
    FDCAN1_IT1_IRQHandler                    0x0800020b   Thumb Code     0  startup_stm32g431xx.o(.text)
    FLASH_IRQHandler                         0x0800020b   Thumb Code     0  startup_stm32g431xx.o(.text)
    FMAC_IRQHandler                          0x0800020b   Thumb Code     0  startup_stm32g431xx.o(.text)
    FPU_IRQHandler                           0x0800020b   Thumb Code     0  startup_stm32g431xx.o(.text)
    I2C1_ER_IRQHandler                       0x0800020b   Thumb Code     0  startup_stm32g431xx.o(.text)
    I2C1_EV_IRQHandler                       0x0800020b   Thumb Code     0  startup_stm32g431xx.o(.text)
    I2C2_ER_IRQHandler                       0x0800020b   Thumb Code     0  startup_stm32g431xx.o(.text)
    I2C2_EV_IRQHandler                       0x0800020b   Thumb Code     0  startup_stm32g431xx.o(.text)
    I2C3_ER_IRQHandler                       0x0800020b   Thumb Code     0  startup_stm32g431xx.o(.text)
    I2C3_EV_IRQHandler                       0x0800020b   Thumb Code     0  startup_stm32g431xx.o(.text)
    LPTIM1_IRQHandler                        0x0800020b   Thumb Code     0  startup_stm32g431xx.o(.text)
    LPUART1_IRQHandler                       0x0800020b   Thumb Code     0  startup_stm32g431xx.o(.text)
    PVD_PVM_IRQHandler                       0x0800020b   Thumb Code     0  startup_stm32g431xx.o(.text)
    RCC_IRQHandler                           0x0800020b   Thumb Code     0  startup_stm32g431xx.o(.text)
    RNG_IRQHandler                           0x0800020b   Thumb Code     0  startup_stm32g431xx.o(.text)
    RTC_Alarm_IRQHandler                     0x0800020b   Thumb Code     0  startup_stm32g431xx.o(.text)
    RTC_TAMP_LSECSS_IRQHandler               0x0800020b   Thumb Code     0  startup_stm32g431xx.o(.text)
    RTC_WKUP_IRQHandler                      0x0800020b   Thumb Code     0  startup_stm32g431xx.o(.text)
    SAI1_IRQHandler                          0x0800020b   Thumb Code     0  startup_stm32g431xx.o(.text)
    SPI1_IRQHandler                          0x0800020b   Thumb Code     0  startup_stm32g431xx.o(.text)
    SPI2_IRQHandler                          0x0800020b   Thumb Code     0  startup_stm32g431xx.o(.text)
    SPI3_IRQHandler                          0x0800020b   Thumb Code     0  startup_stm32g431xx.o(.text)
    TIM1_BRK_TIM15_IRQHandler                0x0800020b   Thumb Code     0  startup_stm32g431xx.o(.text)
    TIM1_CC_IRQHandler                       0x0800020b   Thumb Code     0  startup_stm32g431xx.o(.text)
    TIM1_UP_TIM16_IRQHandler                 0x0800020b   Thumb Code     0  startup_stm32g431xx.o(.text)
    TIM2_IRQHandler                          0x0800020b   Thumb Code     0  startup_stm32g431xx.o(.text)
    TIM3_IRQHandler                          0x0800020b   Thumb Code     0  startup_stm32g431xx.o(.text)
    TIM4_IRQHandler                          0x0800020b   Thumb Code     0  startup_stm32g431xx.o(.text)
    TIM6_DAC_IRQHandler                      0x0800020b   Thumb Code     0  startup_stm32g431xx.o(.text)
    TIM7_IRQHandler                          0x0800020b   Thumb Code     0  startup_stm32g431xx.o(.text)
    TIM8_BRK_IRQHandler                      0x0800020b   Thumb Code     0  startup_stm32g431xx.o(.text)
    TIM8_CC_IRQHandler                       0x0800020b   Thumb Code     0  startup_stm32g431xx.o(.text)
    TIM8_TRG_COM_IRQHandler                  0x0800020b   Thumb Code     0  startup_stm32g431xx.o(.text)
    TIM8_UP_IRQHandler                       0x0800020b   Thumb Code     0  startup_stm32g431xx.o(.text)
    UART4_IRQHandler                         0x0800020b   Thumb Code     0  startup_stm32g431xx.o(.text)
    UCPD1_IRQHandler                         0x0800020b   Thumb Code     0  startup_stm32g431xx.o(.text)
    USART1_IRQHandler                        0x0800020b   Thumb Code     0  startup_stm32g431xx.o(.text)
    USART2_IRQHandler                        0x0800020b   Thumb Code     0  startup_stm32g431xx.o(.text)
    USART3_IRQHandler                        0x0800020b   Thumb Code     0  startup_stm32g431xx.o(.text)
    USBWakeUp_IRQHandler                     0x0800020b   Thumb Code     0  startup_stm32g431xx.o(.text)
    USB_HP_IRQHandler                        0x0800020b   Thumb Code     0  startup_stm32g431xx.o(.text)
    USB_LP_IRQHandler                        0x0800020b   Thumb Code     0  startup_stm32g431xx.o(.text)
    WWDG_IRQHandler                          0x0800020b   Thumb Code     0  startup_stm32g431xx.o(.text)
    __aeabi_memset                           0x08000215   Thumb Code    14  memseta.o(.text)
    __aeabi_memset4                          0x08000215   Thumb Code     0  memseta.o(.text)
    __aeabi_memset8                          0x08000215   Thumb Code     0  memseta.o(.text)
    __aeabi_memclr                           0x08000223   Thumb Code     4  memseta.o(.text)
    __aeabi_memclr4                          0x08000223   Thumb Code     0  memseta.o(.text)
    __aeabi_memclr8                          0x08000223   Thumb Code     0  memseta.o(.text)
    _memset$wrapper                          0x08000227   Thumb Code    18  memseta.o(.text)
    __scatterload                            0x08000239   Thumb Code    28  init.o(.text)
    __scatterload_rt2                        0x08000239   Thumb Code     0  init.o(.text)
    BTN1_PRESS_DOWN_Handler                  0x0800025d   Thumb Code    14  main.o(i.BTN1_PRESS_DOWN_Handler)
    BTN1_PRESS_UP_Handler                    0x08000275   Thumb Code    14  main.o(i.BTN1_PRESS_UP_Handler)
    BusFault_Handler                         0x0800028d   Thumb Code     2  stm32g4xx_it.o(i.BusFault_Handler)
    DebugMon_Handler                         0x0800028f   Thumb Code     2  stm32g4xx_it.o(i.DebugMon_Handler)
    Error_Handler                            0x08000291   Thumb Code     4  main.o(i.Error_Handler)
    HAL_GPIO_Init                            0x08000295   Thumb Code   550  stm32g4xx_hal_gpio.o(i.HAL_GPIO_Init)
    HAL_GPIO_ReadPin                         0x080004dd   Thumb Code    10  stm32g4xx_hal_gpio.o(i.HAL_GPIO_ReadPin)
    HAL_GPIO_TogglePin                       0x080004e7   Thumb Code    16  stm32g4xx_hal_gpio.o(i.HAL_GPIO_TogglePin)
    HAL_GPIO_WritePin                        0x080004f7   Thumb Code    10  stm32g4xx_hal_gpio.o(i.HAL_GPIO_WritePin)
    HAL_GetTick                              0x08000501   Thumb Code     6  stm32g4xx_hal.o(i.HAL_GetTick)
    HAL_IncTick                              0x0800050d   Thumb Code    12  stm32g4xx_hal.o(i.HAL_IncTick)
    HAL_Init                                 0x0800051d   Thumb Code    30  stm32g4xx_hal.o(i.HAL_Init)
    HAL_InitTick                             0x0800053d   Thumb Code    58  stm32g4xx_hal.o(i.HAL_InitTick)
    HAL_MspInit                              0x08000581   Thumb Code    42  stm32g4xx_hal_msp.o(i.HAL_MspInit)
    HAL_NVIC_EnableIRQ                       0x080005b1   Thumb Code    26  stm32g4xx_hal_cortex.o(i.HAL_NVIC_EnableIRQ)
    HAL_NVIC_SetPriority                     0x080005cd   Thumb Code    60  stm32g4xx_hal_cortex.o(i.HAL_NVIC_SetPriority)
    HAL_NVIC_SetPriorityGrouping             0x0800060d   Thumb Code    26  stm32g4xx_hal_cortex.o(i.HAL_NVIC_SetPriorityGrouping)
    HAL_PWREx_ControlVoltageScaling          0x08000631   Thumb Code   174  stm32g4xx_hal_pwr_ex.o(i.HAL_PWREx_ControlVoltageScaling)
    HAL_PWREx_DisableUCPDDeadBattery         0x080006ed   Thumb Code    12  stm32g4xx_hal_pwr_ex.o(i.HAL_PWREx_DisableUCPDDeadBattery)
    HAL_RCC_ClockConfig                      0x080006fd   Thumb Code   444  stm32g4xx_hal_rcc.o(i.HAL_RCC_ClockConfig)
    HAL_RCC_GetSysClockFreq                  0x080008d9   Thumb Code    98  stm32g4xx_hal_rcc.o(i.HAL_RCC_GetSysClockFreq)
    HAL_RCC_OscConfig                        0x08000949   Thumb Code  1028  stm32g4xx_hal_rcc.o(i.HAL_RCC_OscConfig)
    HAL_SYSTICK_Config                       0x08000d4d   Thumb Code    40  stm32g4xx_hal_cortex.o(i.HAL_SYSTICK_Config)
    HAL_TIMEx_Break2Callback                 0x08000d75   Thumb Code     2  stm32g4xx_hal_tim_ex.o(i.HAL_TIMEx_Break2Callback)
    HAL_TIMEx_BreakCallback                  0x08000d77   Thumb Code     2  stm32g4xx_hal_tim_ex.o(i.HAL_TIMEx_BreakCallback)
    HAL_TIMEx_CommutCallback                 0x08000d79   Thumb Code     2  stm32g4xx_hal_tim_ex.o(i.HAL_TIMEx_CommutCallback)
    HAL_TIMEx_DirectionChangeCallback        0x08000d7b   Thumb Code     2  stm32g4xx_hal_tim_ex.o(i.HAL_TIMEx_DirectionChangeCallback)
    HAL_TIMEx_EncoderIndexCallback           0x08000d7d   Thumb Code     2  stm32g4xx_hal_tim_ex.o(i.HAL_TIMEx_EncoderIndexCallback)
    HAL_TIMEx_IndexErrorCallback             0x08000d7f   Thumb Code     2  stm32g4xx_hal_tim_ex.o(i.HAL_TIMEx_IndexErrorCallback)
    HAL_TIMEx_TransitionErrorCallback        0x08000d81   Thumb Code     2  stm32g4xx_hal_tim_ex.o(i.HAL_TIMEx_TransitionErrorCallback)
    HAL_TIM_Base_Init                        0x08000d83   Thumb Code    98  stm32g4xx_hal_tim.o(i.HAL_TIM_Base_Init)
    HAL_TIM_Base_MspInit                     0x08000de5   Thumb Code    50  tim.o(i.HAL_TIM_Base_MspInit)
    HAL_TIM_Base_Start_IT                    0x08000e21   Thumb Code    94  stm32g4xx_hal_tim.o(i.HAL_TIM_Base_Start_IT)
    HAL_TIM_IC_CaptureCallback               0x08000e99   Thumb Code     2  stm32g4xx_hal_tim.o(i.HAL_TIM_IC_CaptureCallback)
    HAL_TIM_IRQHandler                       0x08000e9b   Thumb Code   418  stm32g4xx_hal_tim.o(i.HAL_TIM_IRQHandler)
    HAL_TIM_OC_DelayElapsedCallback          0x0800103d   Thumb Code     2  stm32g4xx_hal_tim.o(i.HAL_TIM_OC_DelayElapsedCallback)
    HAL_TIM_PWM_PulseFinishedCallback        0x0800103f   Thumb Code     2  stm32g4xx_hal_tim.o(i.HAL_TIM_PWM_PulseFinishedCallback)
    HAL_TIM_PeriodElapsedCallback            0x08001041   Thumb Code    14  main.o(i.HAL_TIM_PeriodElapsedCallback)
    HAL_TIM_TriggerCallback                  0x08001055   Thumb Code     2  stm32g4xx_hal_tim.o(i.HAL_TIM_TriggerCallback)
    HardFault_Handler                        0x08001057   Thumb Code     2  stm32g4xx_it.o(i.HardFault_Handler)
    MX_GPIO_Init                             0x08001059   Thumb Code   118  gpio.o(i.MX_GPIO_Init)
    MX_TIM17_Init                            0x080010d9   Thumb Code    46  tim.o(i.MX_TIM17_Init)
    MemManage_Handler                        0x08001111   Thumb Code     2  stm32g4xx_it.o(i.MemManage_Handler)
    NMI_Handler                              0x08001113   Thumb Code     2  stm32g4xx_it.o(i.NMI_Handler)
    PendSV_Handler                           0x08001115   Thumb Code     2  stm32g4xx_it.o(i.PendSV_Handler)
    SVC_Handler                              0x08001117   Thumb Code     2  stm32g4xx_it.o(i.SVC_Handler)
    SysTick_Handler                          0x08001119   Thumb Code     4  stm32g4xx_it.o(i.SysTick_Handler)
    SystemClock_Config                       0x0800111d   Thumb Code   104  main.o(i.SystemClock_Config)
    SystemInit                               0x08001185   Thumb Code    12  system_stm32g4xx.o(i.SystemInit)
    TIM1_TRG_COM_TIM17_IRQHandler            0x08001195   Thumb Code     6  stm32g4xx_it.o(i.TIM1_TRG_COM_TIM17_IRQHandler)
    TIM_Base_SetConfig                       0x080011a1   Thumb Code   160  stm32g4xx_hal_tim.o(i.TIM_Base_SetConfig)
    UsageFault_Handler                       0x0800125d   Thumb Code     2  stm32g4xx_it.o(i.UsageFault_Handler)
    __scatterload_copy                       0x0800127f   Thumb Code    14  handlers.o(i.__scatterload_copy)
    __scatterload_null                       0x0800128d   Thumb Code     2  handlers.o(i.__scatterload_null)
    __scatterload_zeroinit                   0x0800128f   Thumb Code    14  handlers.o(i.__scatterload_zeroinit)
    button_attach                            0x0800129d   Thumb Code     8  multi_button.o(i.button_attach)
    button_init                              0x08001461   Thumb Code    58  multi_button.o(i.button_init)
    button_start                             0x0800149d   Thumb Code    32  multi_button.o(i.button_start)
    button_ticks                             0x080014c1   Thumb Code    22  multi_button.o(i.button_ticks)
    main                                     0x080014dd   Thumb Code    84  main.o(i.main)
    read_button_GPIO                         0x08001545   Thumb Code    28  main.o(i.read_button_GPIO)
    AHBPrescTable                            0x08001564   Data          16  system_stm32g4xx.o(.constdata)
    Region$$Table$$Base                      0x08001574   Number         0  anon$$obj.o(Region$$Table)
    Region$$Table$$Limit                     0x08001594   Number         0  anon$$obj.o(Region$$Table)
    key_state                                0x20000000   Data           1  main.o(.data)
    uwTickPrio                               0x20000004   Data           4  stm32g4xx_hal.o(.data)
    uwTickFreq                               0x20000008   Data           4  stm32g4xx_hal.o(.data)
    uwTick                                   0x2000000c   Data           4  stm32g4xx_hal.o(.data)
    SystemCoreClock                          0x20000010   Data           4  system_stm32g4xx.o(.data)
    btn1                                     0x20000018   Data          44  main.o(.bss)
    btn2                                     0x20000044   Data          44  main.o(.bss)
    htim17                                   0x20000070   Data          76  tim.o(.bss)
    __initial_sp                             0x200004c0   Data           0  startup_stm32g431xx.o(STACK)



==============================================================================

Memory Map of the image

  Image Entry point : 0x080001d9

  Load Region LR_IROM1 (Base: 0x08000000, Size: 0x000015ac, Max: 0x00020000, ABSOLUTE)

    Execution Region ER_IROM1 (Exec base: 0x08000000, Load base: 0x08000000, Size: 0x00001594, Max: 0x00020000, ABSOLUTE)

    Exec Addr    Load Addr    Size         Type   Attr      Idx    E Section Name        Object

    0x08000000   0x08000000   0x000001d8   Data   RO            3    RESET               startup_stm32g431xx.o
    0x080001d8   0x080001d8   0x00000000   Code   RO         3094  * .ARM.Collect$$$$00000000  mc_w.l(entry.o)
    0x080001d8   0x080001d8   0x00000004   Code   RO         3099    .ARM.Collect$$$$00000001  mc_w.l(entry2.o)
    0x080001dc   0x080001dc   0x00000004   Code   RO         3102    .ARM.Collect$$$$00000004  mc_w.l(entry5.o)
    0x080001e0   0x080001e0   0x00000000   Code   RO         3104    .ARM.Collect$$$$00000008  mc_w.l(entry7b.o)
    0x080001e0   0x080001e0   0x00000000   Code   RO         3106    .ARM.Collect$$$$0000000A  mc_w.l(entry8b.o)
    0x080001e0   0x080001e0   0x00000008   Code   RO         3107    .ARM.Collect$$$$0000000B  mc_w.l(entry9a.o)
    0x080001e8   0x080001e8   0x00000004   Code   RO         3114    .ARM.Collect$$$$0000000E  mc_w.l(entry12b.o)
    0x080001ec   0x080001ec   0x00000000   Code   RO         3109    .ARM.Collect$$$$0000000F  mc_w.l(entry10a.o)
    0x080001ec   0x080001ec   0x00000000   Code   RO         3111    .ARM.Collect$$$$00000011  mc_w.l(entry11a.o)
    0x080001ec   0x080001ec   0x00000004   Code   RO         3100    .ARM.Collect$$$$00002712  mc_w.l(entry2.o)
    0x080001f0   0x080001f0   0x00000024   Code   RO            4    .text               startup_stm32g431xx.o
    0x08000214   0x08000214   0x00000024   Code   RO         3097    .text               mc_w.l(memseta.o)
    0x08000238   0x08000238   0x00000024   Code   RO         3115    .text               mc_w.l(init.o)
    0x0800025c   0x0800025c   0x00000018   Code   RO           13    i.BTN1_PRESS_DOWN_Handler  main.o
    0x08000274   0x08000274   0x00000018   Code   RO           14    i.BTN1_PRESS_UP_Handler  main.o
    0x0800028c   0x0800028c   0x00000002   Code   RO          251    i.BusFault_Handler  stm32g4xx_it.o
    0x0800028e   0x0800028e   0x00000002   Code   RO          252    i.DebugMon_Handler  stm32g4xx_it.o
    0x08000290   0x08000290   0x00000004   Code   RO           15    i.Error_Handler     main.o
    0x08000294   0x08000294   0x00000248   Code   RO         2458    i.HAL_GPIO_Init     stm32g4xx_hal_gpio.o
    0x080004dc   0x080004dc   0x0000000a   Code   RO         2460    i.HAL_GPIO_ReadPin  stm32g4xx_hal_gpio.o
    0x080004e6   0x080004e6   0x00000010   Code   RO         2461    i.HAL_GPIO_TogglePin  stm32g4xx_hal_gpio.o
    0x080004f6   0x080004f6   0x0000000a   Code   RO         2462    i.HAL_GPIO_WritePin  stm32g4xx_hal_gpio.o
    0x08000500   0x08000500   0x0000000c   Code   RO         1753    i.HAL_GetTick       stm32g4xx_hal.o
    0x0800050c   0x0800050c   0x00000010   Code   RO         1759    i.HAL_IncTick       stm32g4xx_hal.o
    0x0800051c   0x0800051c   0x0000001e   Code   RO         1760    i.HAL_Init          stm32g4xx_hal.o
    0x0800053a   0x0800053a   0x00000002   PAD
    0x0800053c   0x0800053c   0x00000044   Code   RO         1761    i.HAL_InitTick      stm32g4xx_hal.o
    0x08000580   0x08000580   0x00000030   Code   RO          333    i.HAL_MspInit       stm32g4xx_hal_msp.o
    0x080005b0   0x080005b0   0x0000001a   Code   RO         2867    i.HAL_NVIC_EnableIRQ  stm32g4xx_hal_cortex.o
    0x080005ca   0x080005ca   0x00000002   PAD
    0x080005cc   0x080005cc   0x00000040   Code   RO         2873    i.HAL_NVIC_SetPriority  stm32g4xx_hal_cortex.o
    0x0800060c   0x0800060c   0x00000024   Code   RO         2874    i.HAL_NVIC_SetPriorityGrouping  stm32g4xx_hal_cortex.o
    0x08000630   0x08000630   0x000000bc   Code   RO         1503    i.HAL_PWREx_ControlVoltageScaling  stm32g4xx_hal_pwr_ex.o
    0x080006ec   0x080006ec   0x00000010   Code   RO         1515    i.HAL_PWREx_DisableUCPDDeadBattery  stm32g4xx_hal_pwr_ex.o
    0x080006fc   0x080006fc   0x000001dc   Code   RO         1995    i.HAL_RCC_ClockConfig  stm32g4xx_hal_rcc.o
    0x080008d8   0x080008d8   0x00000070   Code   RO         2005    i.HAL_RCC_GetSysClockFreq  stm32g4xx_hal_rcc.o
    0x08000948   0x08000948   0x00000404   Code   RO         2008    i.HAL_RCC_OscConfig  stm32g4xx_hal_rcc.o
    0x08000d4c   0x08000d4c   0x00000028   Code   RO         2878    i.HAL_SYSTICK_Config  stm32g4xx_hal_cortex.o
    0x08000d74   0x08000d74   0x00000002   Code   RO         1073    i.HAL_TIMEx_Break2Callback  stm32g4xx_hal_tim_ex.o
    0x08000d76   0x08000d76   0x00000002   Code   RO         1074    i.HAL_TIMEx_BreakCallback  stm32g4xx_hal_tim_ex.o
    0x08000d78   0x08000d78   0x00000002   Code   RO         1075    i.HAL_TIMEx_CommutCallback  stm32g4xx_hal_tim_ex.o
    0x08000d7a   0x08000d7a   0x00000002   Code   RO         1086    i.HAL_TIMEx_DirectionChangeCallback  stm32g4xx_hal_tim_ex.o
    0x08000d7c   0x08000d7c   0x00000002   Code   RO         1100    i.HAL_TIMEx_EncoderIndexCallback  stm32g4xx_hal_tim_ex.o
    0x08000d7e   0x08000d7e   0x00000002   Code   RO         1114    i.HAL_TIMEx_IndexErrorCallback  stm32g4xx_hal_tim_ex.o
    0x08000d80   0x08000d80   0x00000002   Code   RO         1136    i.HAL_TIMEx_TransitionErrorCallback  stm32g4xx_hal_tim_ex.o
    0x08000d82   0x08000d82   0x00000062   Code   RO          359    i.HAL_TIM_Base_Init  stm32g4xx_hal_tim.o
    0x08000de4   0x08000de4   0x0000003c   Code   RO          210    i.HAL_TIM_Base_MspInit  tim.o
    0x08000e20   0x08000e20   0x00000078   Code   RO          364    i.HAL_TIM_Base_Start_IT  stm32g4xx_hal_tim.o
    0x08000e98   0x08000e98   0x00000002   Code   RO          393    i.HAL_TIM_IC_CaptureCallback  stm32g4xx_hal_tim.o
    0x08000e9a   0x08000e9a   0x000001a2   Code   RO          407    i.HAL_TIM_IRQHandler  stm32g4xx_hal_tim.o
    0x0800103c   0x0800103c   0x00000002   Code   RO          410    i.HAL_TIM_OC_DelayElapsedCallback  stm32g4xx_hal_tim.o
    0x0800103e   0x0800103e   0x00000002   Code   RO          437    i.HAL_TIM_PWM_PulseFinishedCallback  stm32g4xx_hal_tim.o
    0x08001040   0x08001040   0x00000014   Code   RO           16    i.HAL_TIM_PeriodElapsedCallback  main.o
    0x08001054   0x08001054   0x00000002   Code   RO          450    i.HAL_TIM_TriggerCallback  stm32g4xx_hal_tim.o
    0x08001056   0x08001056   0x00000002   Code   RO          253    i.HardFault_Handler  stm32g4xx_it.o
    0x08001058   0x08001058   0x00000080   Code   RO          185    i.MX_GPIO_Init      gpio.o
    0x080010d8   0x080010d8   0x00000038   Code   RO          211    i.MX_TIM17_Init     tim.o
    0x08001110   0x08001110   0x00000002   Code   RO          254    i.MemManage_Handler  stm32g4xx_it.o
    0x08001112   0x08001112   0x00000002   Code   RO          255    i.NMI_Handler       stm32g4xx_it.o
    0x08001114   0x08001114   0x00000002   Code   RO          256    i.PendSV_Handler    stm32g4xx_it.o
    0x08001116   0x08001116   0x00000002   Code   RO          257    i.SVC_Handler       stm32g4xx_it.o
    0x08001118   0x08001118   0x00000004   Code   RO          258    i.SysTick_Handler   stm32g4xx_it.o
    0x0800111c   0x0800111c   0x00000068   Code   RO           17    i.SystemClock_Config  main.o
    0x08001184   0x08001184   0x00000010   Code   RO         3008    i.SystemInit        system_stm32g4xx.o
    0x08001194   0x08001194   0x0000000c   Code   RO          259    i.TIM1_TRG_COM_TIM17_IRQHandler  stm32g4xx_it.o
    0x080011a0   0x080011a0   0x000000bc   Code   RO          452    i.TIM_Base_SetConfig  stm32g4xx_hal_tim.o
    0x0800125c   0x0800125c   0x00000002   Code   RO          260    i.UsageFault_Handler  stm32g4xx_it.o
    0x0800125e   0x0800125e   0x00000020   Code   RO         2880    i.__NVIC_SetPriority  stm32g4xx_hal_cortex.o
    0x0800127e   0x0800127e   0x0000000e   Code   RO         3119    i.__scatterload_copy  mc_w.l(handlers.o)
    0x0800128c   0x0800128c   0x00000002   Code   RO         3120    i.__scatterload_null  mc_w.l(handlers.o)
    0x0800128e   0x0800128e   0x0000000e   Code   RO         3121    i.__scatterload_zeroinit  mc_w.l(handlers.o)
    0x0800129c   0x0800129c   0x00000008   Code   RO         3042    i.button_attach     multi_button.o
    0x080012a4   0x080012a4   0x000001ba   Code   RO         3043    i.button_handler    multi_button.o
    0x0800145e   0x0800145e   0x00000002   PAD
    0x08001460   0x08001460   0x0000003a   Code   RO         3044    i.button_init       multi_button.o
    0x0800149a   0x0800149a   0x00000002   PAD
    0x0800149c   0x0800149c   0x00000024   Code   RO         3045    i.button_start      multi_button.o
    0x080014c0   0x080014c0   0x0000001c   Code   RO         3047    i.button_ticks      multi_button.o
    0x080014dc   0x080014dc   0x00000068   Code   RO           18    i.main              main.o
    0x08001544   0x08001544   0x00000020   Code   RO           19    i.read_button_GPIO  main.o
    0x08001564   0x08001564   0x00000010   Data   RO         3009    .constdata          system_stm32g4xx.o
    0x08001574   0x08001574   0x00000020   Data   RO         3117    Region$$Table       anon$$obj.o


    Execution Region RW_IRAM1 (Exec base: 0x20000000, Load base: 0x08001594, Size: 0x000004c0, Max: 0x00008000, ABSOLUTE)

    Exec Addr    Load Addr    Size         Type   Attr      Idx    E Section Name        Object

    0x20000000   0x08001594   0x00000001   Data   RW           21    .data               main.o
    0x20000001   0x08001595   0x00000003   PAD
    0x20000004   0x08001598   0x0000000c   Data   RW         1780    .data               stm32g4xx_hal.o
    0x20000010   0x080015a4   0x00000004   Data   RW         3011    .data               system_stm32g4xx.o
    0x20000014   0x080015a8   0x00000004   Data   RW         3049    .data               multi_button.o
    0x20000018        -       0x00000058   Zero   RW           20    .bss                main.o
    0x20000070        -       0x0000004c   Zero   RW          212    .bss                tim.o
    0x200000bc   0x080015ac   0x00000004   PAD
    0x200000c0        -       0x00000400   Zero   RW            1    STACK               startup_stm32g431xx.o


==============================================================================

Image component sizes


      Code (inc. data)   RO Data    RW Data    ZI Data      Debug   Object Name

       128         10          0          0          0        923   gpio.o
       312         50          0          1         88     605895   main.o
       572         16          0          4          0       3628   multi_button.o
        36          8        472          0       1024        832   startup_stm32g431xx.o
       126         20          0         12          0       3665   stm32g4xx_hal.o
       198         14          0          0          0      33815   stm32g4xx_hal_cortex.o
       620         34          0          0          0       3628   stm32g4xx_hal_gpio.o
        48          6          0          0          0        858   stm32g4xx_hal_msp.o
       204         18          0          0          0       1397   stm32g4xx_hal_pwr_ex.o
      1616         68          0          0          0       5062   stm32g4xx_hal_rcc.o
       832         54          0          0          0       7113   stm32g4xx_hal_tim.o
        14          0          0          0          0       4484   stm32g4xx_hal_tim_ex.o
        32          6          0          0          0       4618   stm32g4xx_it.o
        16          4         16          4          0       1115   system_stm32g4xx.o
       116         20          0          0         76       1580   tim.o

    ----------------------------------------------------------------------
      4878        328        520         24       1192     678613   Object Totals
         0          0         32          0          0          0   (incl. Generated)
         8          0          0          3          4          0   (incl. Padding)

    ----------------------------------------------------------------------

      Code (inc. data)   RO Data    RW Data    ZI Data      Debug   Library Member Name

         0          0          0          0          0          0   entry.o
         0          0          0          0          0          0   entry10a.o
         0          0          0          0          0          0   entry11a.o
         4          0          0          0          0          0   entry12b.o
         8          4          0          0          0          0   entry2.o
         4          0          0          0          0          0   entry5.o
         0          0          0          0          0          0   entry7b.o
         0          0          0          0          0          0   entry8b.o
         8          4          0          0          0          0   entry9a.o
        30          0          0          0          0          0   handlers.o
        36          8          0          0          0         68   init.o
        36          0          0          0          0        108   memseta.o

    ----------------------------------------------------------------------
       126         16          0          0          0        176   Library Totals
         0          0          0          0          0          0   (incl. Padding)

    ----------------------------------------------------------------------

      Code (inc. data)   RO Data    RW Data    ZI Data      Debug   Library Name

       126         16          0          0          0        176   mc_w.l

    ----------------------------------------------------------------------
       126         16          0          0          0        176   Library Totals

    ----------------------------------------------------------------------

==============================================================================


      Code (inc. data)   RO Data    RW Data    ZI Data      Debug   

      5004        344        520         24       1192     673593   Grand Totals
      5004        344        520         24       1192     673593   ELF Image Totals
      5004        344        520         24          0          0   ROM Totals

==============================================================================

    Total RO  Size (Code + RO Data)                 5524 (   5.39kB)
    Total RW  Size (RW Data + ZI Data)              1216 (   1.19kB)
    Total ROM Size (Code + RO Data + RW Data)       5548 (   5.42kB)

==============================================================================

